Microchip MPLAB XC8 Compiler V2.05 ()

Linker command line:

-W-3 --edf=D:\MPLAB\pic\dat\en_msgs.txt -pivt0x8=08h -cs \
  -h+dist/default/production\Lawnmower_sensor_board.X.production.sym \
  --cmf=dist/default/production\Lawnmower_sensor_board.X.production.cmf -z \
  -Q18F25K83 -oC:\Users\degee\AppData\Local\Temp\sih4.2 \
  --defsym=__MPLAB_BUILD=1 \
  -Mdist/default/production/Lawnmower_sensor_board.X.production.map -E1 \
  -ver=XC8 --acfsm=1493 -ASTACK=060h-07FFh -pstack=STACK -ACODE=00h-07FFFh \
  -ACONST=00h-07FFFh -ASMALLCONST=0800h-08FFhx120 \
  -AMEDIUMCONST=0800h-07FFFh -ACOMRAM=01h-05Fh -AABS1=00h-07FFh \
  -ABIGRAM=01h-07FFh -ARAM=060h-0FFh,0100h-01FFhx7 -ABANK0=060h-0FFh \
  -ABANK1=0100h-01FFh -ABANK2=0200h-02FFh -ABANK3=0300h-03FFh \
  -ABANK4=0400h-04FFh -ABANK5=0500h-05FFh -ABANK6=0600h-06FFh \
  -ABANK7=0700h-07FFh -ASFR=03700h-037FFhx8,03F00h-03F5Fh,03F60h-03FFFh \
  -preset_vec=00h -ppowerup=CODE,init -pramtop=0800h \
  -psmallconst=SMALLCONST -pmediumconst=MEDIUMCONST -pconst=CONST \
  -AFARRAM=00h-00h -ACONFIG=0300000h-0300009h -pconfig=CONFIG \
  -AIDLOC=0200000h-020000Fh -pidloc=IDLOC -AEEDATA=0310000h-03103FFh \
  -peeprom_data=EEDATA \
  -prdata=COMRAM,nvrram=COMRAM,nvbit=COMRAM,rbss=COMRAM,rbit=COMRAM \
  -pfarbss=FARRAM,fardata=FARRAM,nvFARRAM=FARRAM \
  -pintsave_regs=BIGRAM,bigbss=BIGRAM,bigdata=BIGRAM -pbss=RAM \
  -pidata=CODE,irdata=CODE,ibigdata=CODE,ifardata=CODE -prparam=COMRAM \
  C:\Users\degee\AppData\Local\Temp\sih4.o \
  dist/default/production\Lawnmower_sensor_board.X.production.o 

Object code version is 3.11

Machine type is 18F25K83

Call graph: (short form)




                Name                               Link     Load   Length Selector   Space Scale
C:\Users\degee\AppData\Local\Temp\sih4.o
                init                                 A8       A8        4        4       0
                reset_vec                             0        0        4        0       0
                idloc                            200000   200000       10   200000       0
                config                           300000   300000        A   300000       0
dist/default/production\Lawnmower_sensor_board.X.production.o
                ivt0x8                                8        8       A0        4       0
                text21                              508      508       D6        4       0
                text20                              268      268      17E        4       0
                text19                              C0C      C0C        2      303       0
                text18                              A62      A62       66        4       0
                text17                              9FC      9FC       66        4       0
                text16                              996      996       66        4       0
                text15                              930      930       66        4       0
                text14                              8CA      8CA       66        4       0
                text13                              BBA      BBA       2E        4       0
                text12                              662      662       6A        4       0
                text11                              AC8      AC8       46        4       0
                text10                              5DE      5DE       84        4       0
                text9                               B0E      B0E       40        4       0
                text8                               3E6      3E6      122        4       0
                text7                               B84      B84       36        4       0
                text6                               B4E      B4E       36        4       0
                text5                               864      864       66        4       0
                text4                               7FE      7FE       66        4       0
                text3                               798      798       66        4       0
                text2                               732      732       66        4       0
                text1                               6CC      6CC       66        4       0
                text0                                AC       AC      1BC        4       0
                cstackCOMRAM                          1        1       26        1       1
                bssCOMRAM                            27       27       18        1       1
                cinit                               BE8      BE8       22        4       0

TOTAL           Name                               Link     Load   Length     Space
        CLASS   STACK          

        CLASS   CODE           
                init                                 A8       A8        4         0
                reset_vec                             0        0        4         0
                ivt0x8                                8        8       A0         0
                text21                              508      508       D6         0
                text20                              268      268      17E         0
                text19                              C0C      C0C        2         0
                text18                              A62      A62       66         0
                text17                              9FC      9FC       66         0
                text16                              996      996       66         0
                text15                              930      930       66         0
                text14                              8CA      8CA       66         0
                text13                              BBA      BBA       2E         0
                text12                              662      662       6A         0
                text11                              AC8      AC8       46         0
                text10                              5DE      5DE       84         0
                text9                               B0E      B0E       40         0
                text8                               3E6      3E6      122         0
                text7                               B84      B84       36         0
                text6                               B4E      B4E       36         0
                text5                               864      864       66         0
                text4                               7FE      7FE       66         0
                text3                               798      798       66         0
                text2                               732      732       66         0
                text1                               6CC      6CC       66         0
                text0                                AC       AC      1BC         0
                cinit                               BE8      BE8       22         0

        CLASS   CONST          

        CLASS   SMALLCONST     

        CLASS   MEDIUMCONST    

        CLASS   COMRAM         
                cstackCOMRAM                          1        1       26         1
                bssCOMRAM                            27       27       18         1

        CLASS   ABS1           

        CLASS   BIGRAM         

        CLASS   RAM            

        CLASS   BANK0          

        CLASS   BANK1          

        CLASS   BANK2          

        CLASS   BANK3          

        CLASS   BANK4          

        CLASS   BANK5          

        CLASS   BANK6          

        CLASS   BANK7          

        CLASS   SFR            

        CLASS   FARRAM         

        CLASS   CONFIG         
                config                           300000   300000        A         0

        CLASS   IDLOC          
                idloc                            200000   200000       10         0

        CLASS   EEDATA         



SEGMENTS        Name                           Load    Length   Top    Selector   Space  Class

                reset_vec                      000000  000004  000004         0       0  CODE    
                cstackCOMRAM                   000001  00003E  00003F         1       1  COMRAM  
                ivt0x8                         000008  000C02  000C0A         4       0  CODE    
                text19                         000C0C  000002  000C0E       303       0  CODE    
                idloc                          200000  000010  200010    200000       0  IDLOC   
                config                         300000  00000A  30000A    300000       0  CONFIG  


UNUSED ADDRESS RANGES

        Name                Unused          Largest block    Delta
        BANK0            000060-0000FF               A0
        BANK1            000100-0001FF              100
        BANK2            000200-0002FF              100
        BANK3            000300-0003FF              100
        BANK4            000400-0004FF              100
        BANK5            000500-0005FF              100
        BANK6            000600-0006FF              100
        BANK7            000700-0007FF              100
        BIGRAM           00003F-0007FF              7C1
        CODE             000004-000007                4
                         000C0A-000C0B                2
                         000C0E-007FFF             73F2
        COMRAM           00003F-00005F               21
        CONST            000004-000007                4
                         000C0A-000C0B                2
                         000C0E-007FFF             73F2
        EEDATA           310000-3103FF              400
        MEDIUMCONST      000C0A-000C0B                2
                         000C0E-007FFF             73F2
        RAM              000060-0007FF              100
        SFR              003700-003FFF              100
        SMALLCONST       000C0A-000C0B                2
                         000C0E-007FFF              100
        STACK            000060-0007FF              7A0

                                  Symbol Table

?_getDistance1              cstackCOMRAM 00001B
?_getDistance2              cstackCOMRAM 00001B
?_getDistance3              cstackCOMRAM 00001B
?_getDistance4              cstackCOMRAM 00001B
?_getDistance5              cstackCOMRAM 00001B
?_readADC                   cstackCOMRAM 00001B
?_readI2C                   cstackCOMRAM 00001B
?_waitForSensor1            cstackCOMRAM 00001B
?_waitForSensor2            cstackCOMRAM 00001B
?_waitForSensor3            cstackCOMRAM 00001B
?_waitForSensor4            cstackCOMRAM 00001B
?_waitForSensor5            cstackCOMRAM 00001B
IVTBASEH                    (abs)        003FD6
IVTBASEL                    (abs)        003FD5
IVTBASEU                    (abs)        003FD7
_ADCLKbits                  (abs)        003EFF
_ADCON0bits                 (abs)        003EF8
_ADCvalueHigh0              bssCOMRAM    00003B
_ADCvalueHigh1              bssCOMRAM    000037
_ADCvalueLow0               bssCOMRAM    000039
_ADCvalueLow1               bssCOMRAM    000035
_ADPCHbits                  (abs)        003EF1
_ADREFbits                  (abs)        003EFD
_ADRESH                     (abs)        003EF0
_ADRESL                     (abs)        003EEF
_ANSELAbits                 (abs)        003A40
_ANSELBbits                 (abs)        003A50
_ANSELCbits                 (abs)        003A60
_BRGCON1bits                (abs)        003703
_CANCONbits                 (abs)        003F8F
_CANSTATbits                (abs)        003F8E
_GIE                        (abs)        01FE97
_I2C1ADB1                   (abs)        003D6E
_I2C1CLK                    (abs)        003D7B
_I2C1CNT                    (abs)        003D6C
_I2C1CON0                   (abs)        003D73
_I2C1CON0bits               (abs)        003D73
_I2C1CON1                   (abs)        003D74
_I2C1CON2                   (abs)        003D75
_I2C1ERR                    (abs)        003D76
_I2C1ERRbits                (abs)        003D76
_I2C1PIR                    (abs)        003D79
_I2C1PIRbits                (abs)        003D79
_I2C1RXB                    (abs)        003D6A
_I2C1SCLPPSbits             (abs)        003AE3
_I2C1SDAPPSbits             (abs)        003AE4
_I2C1STAT0bits              (abs)        003D77
_I2C1STAT1bits              (abs)        003D78
_I2C1TXB                    (abs)        003D6B
_INTCON0bits                (abs)        003FD2
_LATCbits                   (abs)        003FBC
_ODCONCbits                 (abs)        003A62
_OSCCON1                    (abs)        0039D9
_PIE5bits                   (abs)        003995
_PIR5bits                   (abs)        0039A5
_PORTAbits                  (abs)        003FCA
_PORTBbits                  (abs)        003FCB
_PORTCbits                  (abs)        003FCC
_PPSLOCK                    (abs)        003ABF
_PPSLOCKbits                (abs)        003ABF
_RB2PPS                     (abs)        003A0A
_RC3I2C                     (abs)        003A6A
_RC3PPS                     (abs)        003A13
_RC4I2C                     (abs)        003A6B
_RC4PPS                     (abs)        003A14
_RXB0CONbits                (abs)        003F80
_RXB0D0                     (abs)        003F86
_RXB1CONbits                (abs)        0037F0
_RXF0SIDH                   (abs)        0037A0
_RXF0SIDLbits               (abs)        0037A1
_RXF1SIDH                   (abs)        0037A4
_RXF1SIDLbits               (abs)        0037A5
_RXM0SIDH                   (abs)        0037B8
_RXM0SIDLbits               (abs)        0037B9
_RXM1SIDH                   (abs)        0037BC
_RXM1SIDLbits               (abs)        0037BD
_SLRCONCbits                (abs)        003A63
_T1CLK                      (abs)        003FB5
_T1CONbits                  (abs)        003FB2
_TMR1H                      (abs)        003FB1
_TMR1L                      (abs)        003FB0
_TRISAbits                  (abs)        003FC2
_TRISBbits                  (abs)        003FC3
_TRISCbits                  (abs)        003FC4
_TXB0CONbits                (abs)        0037E0
_TXB0D0                     (abs)        0037E6
_TXB0D1                     (abs)        0037E7
_TXB0D2                     (abs)        0037E8
_TXB0D3                     (abs)        0037E9
_TXB0D4                     (abs)        0037EA
_TXB0D5                     (abs)        0037EB
_TXB0D6                     (abs)        0037EC
_TXB0D7                     (abs)        0037ED
_TXB0DLCbits                (abs)        0037E5
_TXB0SIDH                   (abs)        0037E1
_TXB0SIDLbits               (abs)        0037E2
__CFG_BBEN$OFF              (abs)        000000
__CFG_BBSIZE$BBSIZE_512     (abs)        000000
__CFG_BOREN$SBORDIS         (abs)        000000
__CFG_BORV$VBOR_2P45        (abs)        000000
__CFG_CLKOUTEN$OFF          (abs)        000000
__CFG_CP$OFF                (abs)        000000
__CFG_CSWEN$ON              (abs)        000000
__CFG_DEBUG$OFF             (abs)        000000
__CFG_FCMEN$ON              (abs)        000000
__CFG_IVT1WAY$ON            (abs)        000000
__CFG_LPBOREN$OFF           (abs)        000000
__CFG_LVP$ON                (abs)        000000
__CFG_MCLRE$EXTMCLR         (abs)        000000
__CFG_MVECEN$ON             (abs)        000000
__CFG_PPS1WAY$ON            (abs)        000000
__CFG_PR1WAY$ON             (abs)        000000
__CFG_PWRTS$PWRT_OFF        (abs)        000000
__CFG_RSTOSC$HFINTOSC_64MHZ (abs)        000000
__CFG_SAFEN$OFF             (abs)        000000
__CFG_STVREN$ON             (abs)        000000
__CFG_WDTCCS$SC             (abs)        000000
__CFG_WDTCPS$WDTCPS_31      (abs)        000000
__CFG_WDTCWS$WDTCWS_7       (abs)        000000
__CFG_WDTE$OFF              (abs)        000000
__CFG_WRTAPP$OFF            (abs)        000000
__CFG_WRTB$OFF              (abs)        000000
__CFG_WRTC$OFF              (abs)        000000
__CFG_WRTD$OFF              (abs)        000000
__CFG_WRTSAF$OFF            (abs)        000000
__CFG_XINST$OFF             (abs)        000000
__CFG_ZCD$OFF               (abs)        000000
__HRAM                      (abs)        000000
__Habs1                     abs1         000000
__Hbank0                    bank0        000000
__Hbank1                    bank1        000000
__Hbank2                    bank2        000000
__Hbank3                    bank3        000000
__Hbank4                    bank4        000000
__Hbank5                    bank5        000000
__Hbank6                    bank6        000000
__Hbank7                    bank7        000000
__Hbigbss                   bigbss       000000
__Hbigdata                  bigdata      000000
__Hbigram                   bigram       000000
__Hbss                      bss          000000
__HbssCOMRAM                bssCOMRAM    000000
__Hcinit                    cinit        000000
__Hclrtext                  clrtext      000000
__Hcomram                   comram       000000
__Hconfig                   config       30000A
__Hconst                    const        000000
__HcstackCOMRAM             cstackCOMRAM 000000
__Hdata                     data         000000
__Heeprom_data              eeprom_data  000000
__Hfarbss                   farbss       000000
__Hfardata                  fardata      000000
__Hibigdata                 ibigdata     000000
__Hidata                    idata        000000
__Hidloc                    idloc        200010
__Hifardata                 ifardata     000000
__Hinit                     init         0000AC
__Hintsave_regs             intsave_regs 000000
__Hirdata                   irdata       000000
__Hivt0x8                   ivt0x8       0000A8
__Hmediumconst              mediumconst  000000
__HnvFARRAM                 nvFARRAM     000000
__Hnvbit                    nvbit        000000
__Hnvrram                   nvrram       000000
__Hparam                    rparam       000000
__Hpowerup                  powerup      000000
__Hram                      ram          000000
__Hramtop                   ramtop       000800
__Hrbit                     rbit         000000
__Hrbss                     rbss         000000
__Hrdata                    rdata        000000
__Hreset_vec                reset_vec    000004
__Hrparam                   rparam       000000
__Hsfr                      sfr          000000
__Hsmallconst               smallconst   000000
__Hspace_0                  (abs)        30000A
__Hspace_1                  (abs)        00003F
__Hspace_2                  (abs)        000000
__Hstack                    stack        000000
__Hstruct                   struct       000000
__Htemp                     temp         000000
__Htext                     text         000000
__Htext0                    text0        000000
__Htext1                    text1        000000
__Htext10                   text10       000000
__Htext11                   text11       000000
__Htext12                   text12       000000
__Htext13                   text13       000000
__Htext14                   text14       000000
__Htext15                   text15       000000
__Htext16                   text16       000000
__Htext17                   text17       000000
__Htext18                   text18       000000
__Htext19                   text19       000000
__Htext2                    text2        000000
__Htext20                   text20       000000
__Htext21                   text21       000000
__Htext3                    text3        000000
__Htext4                    text4        000000
__Htext5                    text5        000000
__Htext6                    text6        000000
__Htext7                    text7        000000
__Htext8                    text8        000000
__Htext9                    text9        000000
__LRAM                      (abs)        000001
__Labs1                     abs1         000000
__Lbank0                    bank0        000000
__Lbank1                    bank1        000000
__Lbank2                    bank2        000000
__Lbank3                    bank3        000000
__Lbank4                    bank4        000000
__Lbank5                    bank5        000000
__Lbank6                    bank6        000000
__Lbank7                    bank7        000000
__Lbigbss                   bigbss       000000
__Lbigdata                  bigdata      000000
__Lbigram                   bigram       000000
__Lbss                      bss          000000
__LbssCOMRAM                bssCOMRAM    000000
__Lcinit                    cinit        000000
__Lclrtext                  clrtext      000000
__Lcomram                   comram       000000
__Lconfig                   config       300000
__Lconst                    const        000000
__LcstackCOMRAM             cstackCOMRAM 000000
__Ldata                     data         000000
__Leeprom_data              eeprom_data  000000
__Lfarbss                   farbss       000000
__Lfardata                  fardata      000000
__Libigdata                 ibigdata     000000
__Lidata                    idata        000000
__Lidloc                    idloc        200000
__Lifardata                 ifardata     000000
__Linit                     init         0000A8
__Lintsave_regs             intsave_regs 000000
__Lirdata                   irdata       000000
__Livt0x8                   ivt0x8       000008
__Lmediumconst              mediumconst  000000
__LnvFARRAM                 nvFARRAM     000000
__Lnvbit                    nvbit        000000
__Lnvrram                   nvrram       000000
__Lparam                    rparam       000000
__Lpowerup                  powerup      000000
__Lram                      ram          000000
__Lramtop                   ramtop       000800
__Lrbit                     rbit         000000
__Lrbss                     rbss         000000
__Lrdata                    rdata        000000
__Lreset_vec                reset_vec    000000
__Lrparam                   rparam       000000
__Lsfr                      sfr          000000
__Lsmallconst               smallconst   000000
__Lspace_0                  (abs)        000000
__Lspace_1                  (abs)        000000
__Lspace_2                  (abs)        000000
__Lstack                    stack        000000
__Lstruct                   struct       000000
__Ltemp                     temp         000000
__Ltext                     text         000000
__Ltext0                    text0        000000
__Ltext1                    text1        000000
__Ltext10                   text10       000000
__Ltext11                   text11       000000
__Ltext12                   text12       000000
__Ltext13                   text13       000000
__Ltext14                   text14       000000
__Ltext15                   text15       000000
__Ltext16                   text16       000000
__Ltext17                   text17       000000
__Ltext18                   text18       000000
__Ltext19                   text19       000000
__Ltext2                    text2        000000
__Ltext20                   text20       000000
__Ltext21                   text21       000000
__Ltext3                    text3        000000
__Ltext4                    text4        000000
__Ltext5                    text5        000000
__Ltext6                    text6        000000
__Ltext7                    text7        000000
__Ltext8                    text8        000000
__Ltext9                    text9        000000
__S0                        (abs)        30000A
__S1                        (abs)        00003F
__S2                        (abs)        000000
___inthi_sp                 stack        000000
___intlo_sp                 stack        000000
___param_bank               (abs)        000000
___rparam_used              (abs)        000001
___sp                       stack        000000
__accesstop                 (abs)        000060
__activetblptr              (abs)        000002
__end_of__initialization    cinit        000C00
__end_of_adcInt             text19       000C0E
__end_of_canRecInt          text20       0003E6
__end_of_getDistance1       text18       000AC8
__end_of_getDistance2       text17       000A62
__end_of_getDistance3       text16       0009FC
__end_of_getDistance4       text15       000996
__end_of_getDistance5       text14       000930
__end_of_initADC            text13       000BE8
__end_of_initCAN            text12       0006CC
__end_of_initHCSR04         text11       000B0E
__end_of_initI2C            text10       000662
__end_of_main               text0        000268
__end_of_readADC            text9        000B4E
__end_of_readI2C            text8        000508
__end_of_sendCANmessage     text21       0005DE
__end_of_wait10US           text7        000BBA
__end_of_wait2US            text6        000B84
__end_of_waitForSensor1     text5        0008CA
__end_of_waitForSensor2     text4        000864
__end_of_waitForSensor3     text3        0007FE
__end_of_waitForSensor4     text2        000798
__end_of_waitForSensor5     text1        000732
__initialization            cinit        000BE8
__mediumconst               mediumconst  000000
__pbssCOMRAM                bssCOMRAM    000027
__pcinit                    cinit        000BE8
__pcstackCOMRAM             cstackCOMRAM 000001
__pivt0x8                   ivt0x8       000008
__ptext0                    text0        0000AC
__ptext1                    text1        0006CC
__ptext10                   text10       0005DE
__ptext11                   text11       000AC8
__ptext12                   text12       000662
__ptext13                   text13       000BBA
__ptext14                   text14       0008CA
__ptext15                   text15       000930
__ptext16                   text16       000996
__ptext17                   text17       0009FC
__ptext18                   text18       000A62
__ptext19                   text19       000C0C
__ptext2                    text2        000732
__ptext20                   text20       000268
__ptext21                   text21       000508
__ptext3                    text3        000798
__ptext4                    text4        0007FE
__ptext5                    text5        000864
__ptext6                    text6        000B4E
__ptext7                    text7        000B84
__ptext8                    text8        0003E6
__ptext9                    text9        000B0E
__ramtop                    ramtop       000800
__size_of_adcInt            (abs)        000000
__size_of_canRecInt         (abs)        000000
__size_of_getDistance1      (abs)        000000
__size_of_getDistance2      (abs)        000000
__size_of_getDistance3      (abs)        000000
__size_of_getDistance4      (abs)        000000
__size_of_getDistance5      (abs)        000000
__size_of_initADC           (abs)        000000
__size_of_initCAN           (abs)        000000
__size_of_initHCSR04        (abs)        000000
__size_of_initI2C           (abs)        000000
__size_of_main              (abs)        000000
__size_of_readADC           (abs)        000000
__size_of_readI2C           (abs)        000000
__size_of_sendCANmessage    (abs)        000000
__size_of_wait10US          (abs)        000000
__size_of_wait2US           (abs)        000000
__size_of_waitForSensor1    (abs)        000000
__size_of_waitForSensor2    (abs)        000000
__size_of_waitForSensor3    (abs)        000000
__size_of_waitForSensor4    (abs)        000000
__size_of_waitForSensor5    (abs)        000000
__smallconst                smallconst   000000
_adcInt                     text19       000C0C
_canRecInt                  text20       000268
_con_perimeter              bssCOMRAM    00003D
_distance1                  bssCOMRAM    000033
_distance2                  bssCOMRAM    000031
_distance3                  bssCOMRAM    00002F
_distance4                  bssCOMRAM    00002D
_distance5                  bssCOMRAM    00002B
_getDistance1               text18       000A62
_getDistance2               text17       0009FC
_getDistance3               text16       000996
_getDistance4               text15       000930
_getDistance5               text14       0008CA
_initADC                    text13       000BBA
_initCAN                    text12       000662
_initHCSR04                 text11       000AC8
_initI2C                    text10       0005DE
_main                       text0        0000AC
_perimeter                  bssCOMRAM    000029
_readADC                    text9        000B0E
_readI2C                    text8        0003E6
_sendCANmessage             text21       000508
_sign_perimeter             bssCOMRAM    000027
_wait10US                   text7        000B84
_wait2US                    text6        000B4E
_waitForSensor1             text5        000864
_waitForSensor2             text4        0007FE
_waitForSensor3             text3        000798
_waitForSensor4             text2        000732
_waitForSensor5             text1        0006CC
canRecInt@message           cstackCOMRAM 00000B
end_of_initialization       cinit        000C00
getDistance1@ticks          cstackCOMRAM 00001F
getDistance2@ticks          cstackCOMRAM 00001F
getDistance3@ticks          cstackCOMRAM 00001F
getDistance4@ticks          cstackCOMRAM 00001F
getDistance5@ticks          cstackCOMRAM 00001F
initI2C@state               cstackCOMRAM 00001B
intlevel0                   text         000000
intlevel1                   text         000000
intlevel2                   text         000000
intlevel3                   text         000000
ivt0x8_base                 ivt0x8       000008
ivt0x8_undefint             ivt0x8       0000A6
main@temp0                  cstackCOMRAM 000023
main@temp1                  cstackCOMRAM 000025
readADC@ch                  cstackCOMRAM 00001B
readI2C@conOK               cstackCOMRAM 00001B
readI2C@counter             cstackCOMRAM 00001F
readI2C@data                cstackCOMRAM 00001E
readI2C@reg                 cstackCOMRAM 00001D
sendCANmessage@id           cstackCOMRAM 000001
sendCANmessage@length       cstackCOMRAM 000005
sendCANmessage@message      cstackCOMRAM 000003
stackhi                     (abs)        0007FF
stacklo                     (abs)        000060
start                       init         0000A8
start_initialization        cinit        000BE8
wait10US@i                  cstackCOMRAM 00001B
wait2US@i                   cstackCOMRAM 00001B
waitForSensor1@i            cstackCOMRAM 00001F
waitForSensor2@i            cstackCOMRAM 00001F
waitForSensor3@i            cstackCOMRAM 00001F
waitForSensor4@i            cstackCOMRAM 00001F
waitForSensor5@i            cstackCOMRAM 00001F


FUNCTION INFORMATION:

 *************** function _main *****************
 Defined at:
		line 100 in file "MainCode.c"
 Parameters:    Size  Location     Type
		None
 Auto vars:     Size  Location     Type
  temp1           2   36[COMRAM] int 
  temp0           2   34[COMRAM] int 
 Return value:  Size  Location     Type
                  2  222[None  ] int 
 Registers used:
		wreg, fsr2l, fsr2h, status,2, status,0, cstack
 Tracked objects:
		On entry : 
		On exit  : 
		Unchanged: 
 Data sizes:     COMRAM   BANK0   BANK1   BANK2   BANK3   BANK4   BANK5   BANK6   BANK7
      Params:         0       0       0       0       0       0       0       0       0
      Locals:         4       0       0       0       0       0       0       0       0
      Temps:          2       0       0       0       0       0       0       0       0
      Totals:         6       0       0       0       0       0       0       0       0
Total ram usage:        6 bytes
 Hardware stack levels required when called:    3
 This function calls:
		_getDistance1
		_getDistance2
		_getDistance3
		_getDistance4
		_getDistance5
		_initADC
		_initCAN
		_initHCSR04
		_initI2C
		_readADC
		_readI2C
		_wait10US
		_wait2US
		_waitForSensor1
		_waitForSensor2
		_waitForSensor3
		_waitForSensor4
		_waitForSensor5
 This function is called by:
		Startup code after reset
 This function uses a non-reentrant model


 *************** function _waitForSensor5 *****************
 Defined at:
		line 506 in file "MainCode.c"
 Parameters:    Size  Location     Type
		None
 Auto vars:     Size  Location     Type
  i               2   30[COMRAM] int 
 Return value:  Size  Location     Type
                  2   26[COMRAM] int 
 Registers used:
		wreg, status,2, status,0
 Tracked objects:
		On entry : 
		On exit  : 
		Unchanged: 
 Data sizes:     COMRAM   BANK0   BANK1   BANK2   BANK3   BANK4   BANK5   BANK6   BANK7
      Params:         2       0       0       0       0       0       0       0       0
      Locals:         2       0       0       0       0       0       0       0       0
      Temps:          2       0       0       0       0       0       0       0       0
      Totals:         6       0       0       0       0       0       0       0       0
Total ram usage:        6 bytes
 Hardware stack levels used:    1
 Hardware stack levels required when called:    2
 This function calls:
		Nothing
 This function is called by:
		_main
 This function uses a non-reentrant model


 *************** function _waitForSensor4 *****************
 Defined at:
		line 493 in file "MainCode.c"
 Parameters:    Size  Location     Type
		None
 Auto vars:     Size  Location     Type
  i               2   30[COMRAM] int 
 Return value:  Size  Location     Type
                  2   26[COMRAM] int 
 Registers used:
		wreg, status,2, status,0
 Tracked objects:
		On entry : 
		On exit  : 
		Unchanged: 
 Data sizes:     COMRAM   BANK0   BANK1   BANK2   BANK3   BANK4   BANK5   BANK6   BANK7
      Params:         2       0       0       0       0       0       0       0       0
      Locals:         2       0       0       0       0       0       0       0       0
      Temps:          2       0       0       0       0       0       0       0       0
      Totals:         6       0       0       0       0       0       0       0       0
Total ram usage:        6 bytes
 Hardware stack levels used:    1
 Hardware stack levels required when called:    2
 This function calls:
		Nothing
 This function is called by:
		_main
 This function uses a non-reentrant model


 *************** function _waitForSensor3 *****************
 Defined at:
		line 480 in file "MainCode.c"
 Parameters:    Size  Location     Type
		None
 Auto vars:     Size  Location     Type
  i               2   30[COMRAM] int 
 Return value:  Size  Location     Type
                  2   26[COMRAM] int 
 Registers used:
		wreg, status,2, status,0
 Tracked objects:
		On entry : 
		On exit  : 
		Unchanged: 
 Data sizes:     COMRAM   BANK0   BANK1   BANK2   BANK3   BANK4   BANK5   BANK6   BANK7
      Params:         2       0       0       0       0       0       0       0       0
      Locals:         2       0       0       0       0       0       0       0       0
      Temps:          2       0       0       0       0       0       0       0       0
      Totals:         6       0       0       0       0       0       0       0       0
Total ram usage:        6 bytes
 Hardware stack levels used:    1
 Hardware stack levels required when called:    2
 This function calls:
		Nothing
 This function is called by:
		_main
 This function uses a non-reentrant model


 *************** function _waitForSensor2 *****************
 Defined at:
		line 467 in file "MainCode.c"
 Parameters:    Size  Location     Type
		None
 Auto vars:     Size  Location     Type
  i               2   30[COMRAM] int 
 Return value:  Size  Location     Type
                  2   26[COMRAM] int 
 Registers used:
		wreg, status,2, status,0
 Tracked objects:
		On entry : 
		On exit  : 
		Unchanged: 
 Data sizes:     COMRAM   BANK0   BANK1   BANK2   BANK3   BANK4   BANK5   BANK6   BANK7
      Params:         2       0       0       0       0       0       0       0       0
      Locals:         2       0       0       0       0       0       0       0       0
      Temps:          2       0       0       0       0       0       0       0       0
      Totals:         6       0       0       0       0       0       0       0       0
Total ram usage:        6 bytes
 Hardware stack levels used:    1
 Hardware stack levels required when called:    2
 This function calls:
		Nothing
 This function is called by:
		_main
 This function uses a non-reentrant model


 *************** function _waitForSensor1 *****************
 Defined at:
		line 454 in file "MainCode.c"
 Parameters:    Size  Location     Type
		None
 Auto vars:     Size  Location     Type
  i               2   30[COMRAM] int 
 Return value:  Size  Location     Type
                  2   26[COMRAM] int 
 Registers used:
		wreg, status,2, status,0
 Tracked objects:
		On entry : 
		On exit  : 
		Unchanged: 
 Data sizes:     COMRAM   BANK0   BANK1   BANK2   BANK3   BANK4   BANK5   BANK6   BANK7
      Params:         2       0       0       0       0       0       0       0       0
      Locals:         2       0       0       0       0       0       0       0       0
      Temps:          2       0       0       0       0       0       0       0       0
      Totals:         6       0       0       0       0       0       0       0       0
Total ram usage:        6 bytes
 Hardware stack levels used:    1
 Hardware stack levels required when called:    2
 This function calls:
		Nothing
 This function is called by:
		_main
 This function uses a non-reentrant model


 *************** function _wait2US *****************
 Defined at:
		line 604 in file "MainCode.c"
 Parameters:    Size  Location     Type
		None
 Auto vars:     Size  Location     Type
  i               4   26[COMRAM] long 
 Return value:  Size  Location     Type
                  1    wreg      void 
 Registers used:
		wreg, status,2, status,0
 Tracked objects:
		On entry : 
		On exit  : 
		Unchanged: 
 Data sizes:     COMRAM   BANK0   BANK1   BANK2   BANK3   BANK4   BANK5   BANK6   BANK7
      Params:         0       0       0       0       0       0       0       0       0
      Locals:         4       0       0       0       0       0       0       0       0
      Temps:          0       0       0       0       0       0       0       0       0
      Totals:         4       0       0       0       0       0       0       0       0
Total ram usage:        4 bytes
 Hardware stack levels used:    1
 Hardware stack levels required when called:    2
 This function calls:
		Nothing
 This function is called by:
		_main
 This function uses a non-reentrant model


 *************** function _wait10US *****************
 Defined at:
		line 610 in file "MainCode.c"
 Parameters:    Size  Location     Type
		None
 Auto vars:     Size  Location     Type
  i               4   26[COMRAM] long 
 Return value:  Size  Location     Type
                  1    wreg      void 
 Registers used:
		wreg, status,2, status,0
 Tracked objects:
		On entry : 
		On exit  : 
		Unchanged: 
 Data sizes:     COMRAM   BANK0   BANK1   BANK2   BANK3   BANK4   BANK5   BANK6   BANK7
      Params:         0       0       0       0       0       0       0       0       0
      Locals:         4       0       0       0       0       0       0       0       0
      Temps:          0       0       0       0       0       0       0       0       0
      Totals:         4       0       0       0       0       0       0       0       0
Total ram usage:        4 bytes
 Hardware stack levels used:    1
 Hardware stack levels required when called:    2
 This function calls:
		Nothing
 This function is called by:
		_main
 This function uses a non-reentrant model


 *************** function _readI2C *****************
 Defined at:
		line 276 in file "MainCode.c"
 Parameters:    Size  Location     Type
  reg             1    wreg     unsigned char 
  conOK           2   26[COMRAM] PTR int 
		 -> con_perimeter(2), 
 Auto vars:     Size  Location     Type
  reg             1   28[COMRAM] unsigned char 
  counter         2   30[COMRAM] int 
  data            1   29[COMRAM] unsigned char 
 Return value:  Size  Location     Type
                  2   26[COMRAM] int 
 Registers used:
		wreg, fsr2l, fsr2h, status,2, status,0
 Tracked objects:
		On entry : 
		On exit  : 
		Unchanged: 
 Data sizes:     COMRAM   BANK0   BANK1   BANK2   BANK3   BANK4   BANK5   BANK6   BANK7
      Params:         2       0       0       0       0       0       0       0       0
      Locals:         4       0       0       0       0       0       0       0       0
      Temps:          0       0       0       0       0       0       0       0       0
      Totals:         6       0       0       0       0       0       0       0       0
Total ram usage:        6 bytes
 Hardware stack levels used:    1
 Hardware stack levels required when called:    2
 This function calls:
		Nothing
 This function is called by:
		_main
 This function uses a non-reentrant model


 *************** function _readADC *****************
 Defined at:
		line 688 in file "MainCode.c"
 Parameters:    Size  Location     Type
  ch              2   26[COMRAM] int 
 Auto vars:     Size  Location     Type
		None
 Return value:  Size  Location     Type
                  2   26[COMRAM] int 
 Registers used:
		wreg, status,2, status,0
 Tracked objects:
		On entry : 
		On exit  : 
		Unchanged: 
 Data sizes:     COMRAM   BANK0   BANK1   BANK2   BANK3   BANK4   BANK5   BANK6   BANK7
      Params:         2       0       0       0       0       0       0       0       0
      Locals:         0       0       0       0       0       0       0       0       0
      Temps:          2       0       0       0       0       0       0       0       0
      Totals:         4       0       0       0       0       0       0       0       0
Total ram usage:        4 bytes
 Hardware stack levels used:    1
 Hardware stack levels required when called:    2
 This function calls:
		Nothing
 This function is called by:
		_main
 This function uses a non-reentrant model


 *************** function _initI2C *****************
 Defined at:
		line 336 in file "MainCode.c"
 Parameters:    Size  Location     Type
		None
 Auto vars:     Size  Location     Type
  state           2   26[COMRAM] int 
 Return value:  Size  Location     Type
                  1    wreg      void 
 Registers used:
		wreg, status,2
 Tracked objects:
		On entry : 
		On exit  : 
		Unchanged: 
 Data sizes:     COMRAM   BANK0   BANK1   BANK2   BANK3   BANK4   BANK5   BANK6   BANK7
      Params:         0       0       0       0       0       0       0       0       0
      Locals:         2       0       0       0       0       0       0       0       0
      Temps:          0       0       0       0       0       0       0       0       0
      Totals:         2       0       0       0       0       0       0       0       0
Total ram usage:        2 bytes
 Hardware stack levels used:    1
 Hardware stack levels required when called:    2
 This function calls:
		Nothing
 This function is called by:
		_main
 This function uses a non-reentrant model


 *************** function _initHCSR04 *****************
 Defined at:
		line 417 in file "MainCode.c"
 Parameters:    Size  Location     Type
		None
 Auto vars:     Size  Location     Type
		None
 Return value:  Size  Location     Type
                  1    wreg      void 
 Registers used:
		wreg, status,2
 Tracked objects:
		On entry : 
		On exit  : 
		Unchanged: 
 Data sizes:     COMRAM   BANK0   BANK1   BANK2   BANK3   BANK4   BANK5   BANK6   BANK7
      Params:         0       0       0       0       0       0       0       0       0
      Locals:         0       0       0       0       0       0       0       0       0
      Temps:          0       0       0       0       0       0       0       0       0
      Totals:         0       0       0       0       0       0       0       0       0
Total ram usage:        0 bytes
 Hardware stack levels used:    1
 Hardware stack levels required when called:    2
 This function calls:
		Nothing
 This function is called by:
		_main
 This function uses a non-reentrant model


 *************** function _initCAN *****************
 Defined at:
		line 616 in file "MainCode.c"
 Parameters:    Size  Location     Type
		None
 Auto vars:     Size  Location     Type
		None
 Return value:  Size  Location     Type
                  1    wreg      void 
 Registers used:
		wreg, status,2, status,0
 Tracked objects:
		On entry : 
		On exit  : 
		Unchanged: 
 Data sizes:     COMRAM   BANK0   BANK1   BANK2   BANK3   BANK4   BANK5   BANK6   BANK7
      Params:         0       0       0       0       0       0       0       0       0
      Locals:         0       0       0       0       0       0       0       0       0
      Temps:          0       0       0       0       0       0       0       0       0
      Totals:         0       0       0       0       0       0       0       0       0
Total ram usage:        0 bytes
 Hardware stack levels used:    1
 Hardware stack levels required when called:    2
 This function calls:
		Nothing
 This function is called by:
		_main
 This function uses a non-reentrant model


 *************** function _initADC *****************
 Defined at:
		line 378 in file "MainCode.c"
 Parameters:    Size  Location     Type
		None
 Auto vars:     Size  Location     Type
		None
 Return value:  Size  Location     Type
                  1    wreg      void 
 Registers used:
		wreg, status,2
 Tracked objects:
		On entry : 
		On exit  : 
		Unchanged: 
 Data sizes:     COMRAM   BANK0   BANK1   BANK2   BANK3   BANK4   BANK5   BANK6   BANK7
      Params:         0       0       0       0       0       0       0       0       0
      Locals:         0       0       0       0       0       0       0       0       0
      Temps:          0       0       0       0       0       0       0       0       0
      Totals:         0       0       0       0       0       0       0       0       0
Total ram usage:        0 bytes
 Hardware stack levels used:    1
 Hardware stack levels required when called:    2
 This function calls:
		Nothing
 This function is called by:
		_main
 This function uses a non-reentrant model


 *************** function _getDistance5 *****************
 Defined at:
		line 587 in file "MainCode.c"
 Parameters:    Size  Location     Type
		None
 Auto vars:     Size  Location     Type
  ticks           2   30[COMRAM] int 
 Return value:  Size  Location     Type
                  2   26[COMRAM] int 
 Registers used:
		wreg, status,2, status,0
 Tracked objects:
		On entry : 
		On exit  : 
		Unchanged: 
 Data sizes:     COMRAM   BANK0   BANK1   BANK2   BANK3   BANK4   BANK5   BANK6   BANK7
      Params:         2       0       0       0       0       0       0       0       0
      Locals:         2       0       0       0       0       0       0       0       0
      Temps:          2       0       0       0       0       0       0       0       0
      Totals:         6       0       0       0       0       0       0       0       0
Total ram usage:        6 bytes
 Hardware stack levels used:    1
 Hardware stack levels required when called:    2
 This function calls:
		Nothing
 This function is called by:
		_main
 This function uses a non-reentrant model


 *************** function _getDistance4 *****************
 Defined at:
		line 570 in file "MainCode.c"
 Parameters:    Size  Location     Type
		None
 Auto vars:     Size  Location     Type
  ticks           2   30[COMRAM] int 
 Return value:  Size  Location     Type
                  2   26[COMRAM] int 
 Registers used:
		wreg, status,2, status,0
 Tracked objects:
		On entry : 
		On exit  : 
		Unchanged: 
 Data sizes:     COMRAM   BANK0   BANK1   BANK2   BANK3   BANK4   BANK5   BANK6   BANK7
      Params:         2       0       0       0       0       0       0       0       0
      Locals:         2       0       0       0       0       0       0       0       0
      Temps:          2       0       0       0       0       0       0       0       0
      Totals:         6       0       0       0       0       0       0       0       0
Total ram usage:        6 bytes
 Hardware stack levels used:    1
 Hardware stack levels required when called:    2
 This function calls:
		Nothing
 This function is called by:
		_main
 This function uses a non-reentrant model


 *************** function _getDistance3 *****************
 Defined at:
		line 553 in file "MainCode.c"
 Parameters:    Size  Location     Type
		None
 Auto vars:     Size  Location     Type
  ticks           2   30[COMRAM] int 
 Return value:  Size  Location     Type
                  2   26[COMRAM] int 
 Registers used:
		wreg, status,2, status,0
 Tracked objects:
		On entry : 
		On exit  : 
		Unchanged: 
 Data sizes:     COMRAM   BANK0   BANK1   BANK2   BANK3   BANK4   BANK5   BANK6   BANK7
      Params:         2       0       0       0       0       0       0       0       0
      Locals:         2       0       0       0       0       0       0       0       0
      Temps:          2       0       0       0       0       0       0       0       0
      Totals:         6       0       0       0       0       0       0       0       0
Total ram usage:        6 bytes
 Hardware stack levels used:    1
 Hardware stack levels required when called:    2
 This function calls:
		Nothing
 This function is called by:
		_main
 This function uses a non-reentrant model


 *************** function _getDistance2 *****************
 Defined at:
		line 536 in file "MainCode.c"
 Parameters:    Size  Location     Type
		None
 Auto vars:     Size  Location     Type
  ticks           2   30[COMRAM] int 
 Return value:  Size  Location     Type
                  2   26[COMRAM] int 
 Registers used:
		wreg, status,2, status,0
 Tracked objects:
		On entry : 
		On exit  : 
		Unchanged: 
 Data sizes:     COMRAM   BANK0   BANK1   BANK2   BANK3   BANK4   BANK5   BANK6   BANK7
      Params:         2       0       0       0       0       0       0       0       0
      Locals:         2       0       0       0       0       0       0       0       0
      Temps:          2       0       0       0       0       0       0       0       0
      Totals:         6       0       0       0       0       0       0       0       0
Total ram usage:        6 bytes
 Hardware stack levels used:    1
 Hardware stack levels required when called:    2
 This function calls:
		Nothing
 This function is called by:
		_main
 This function uses a non-reentrant model


 *************** function _getDistance1 *****************
 Defined at:
		line 519 in file "MainCode.c"
 Parameters:    Size  Location     Type
		None
 Auto vars:     Size  Location     Type
  ticks           2   30[COMRAM] int 
 Return value:  Size  Location     Type
                  2   26[COMRAM] int 
 Registers used:
		wreg, status,2, status,0
 Tracked objects:
		On entry : 
		On exit  : 
		Unchanged: 
 Data sizes:     COMRAM   BANK0   BANK1   BANK2   BANK3   BANK4   BANK5   BANK6   BANK7
      Params:         2       0       0       0       0       0       0       0       0
      Locals:         2       0       0       0       0       0       0       0       0
      Temps:          2       0       0       0       0       0       0       0       0
      Totals:         6       0       0       0       0       0       0       0       0
Total ram usage:        6 bytes
 Hardware stack levels used:    1
 Hardware stack levels required when called:    2
 This function calls:
		Nothing
 This function is called by:
		_main
 This function uses a non-reentrant model


 *************** function _adcInt *****************
 Defined at:
		line 186 in file "MainCode.c"
 Parameters:    Size  Location     Type
		None
 Auto vars:     Size  Location     Type
		None
 Return value:  Size  Location     Type
                  1    wreg      void 
 Registers used:
		None
 Tracked objects:
		On entry : 
		On exit  : 
		Unchanged: 
 Data sizes:     COMRAM   BANK0   BANK1   BANK2   BANK3   BANK4   BANK5   BANK6   BANK7
      Params:         0       0       0       0       0       0       0       0       0
      Locals:         0       0       0       0       0       0       0       0       0
      Temps:          0       0       0       0       0       0       0       0       0
      Totals:         0       0       0       0       0       0       0       0       0
Total ram usage:        0 bytes
 Hardware stack levels used:    1
 This function calls:
		Nothing
 This function is called by:
		Interrupt level 2
 This function uses a non-reentrant model


 *************** function _canRecInt *****************
 Defined at:
		line 192 in file "MainCode.c"
 Parameters:    Size  Location     Type
		None
 Auto vars:     Size  Location     Type
  message        16   10[COMRAM] int [8]
 Return value:  Size  Location     Type
                  1    wreg      void 
 Registers used:
		wreg, fsr2l, fsr2h, status,2, status,0, cstack
 Tracked objects:
		On entry : 
		On exit  : 
		Unchanged: 
 Data sizes:     COMRAM   BANK0   BANK1   BANK2   BANK3   BANK4   BANK5   BANK6   BANK7
      Params:         0       0       0       0       0       0       0       0       0
      Locals:        16       0       0       0       0       0       0       0       0
      Temps:          2       0       0       0       0       0       0       0       0
      Totals:        18       0       0       0       0       0       0       0       0
Total ram usage:       18 bytes
 Hardware stack levels used:    1
 Hardware stack levels required when called:    1
 This function calls:
		_sendCANmessage
 This function is called by:
		Interrupt level 2
 This function uses a non-reentrant model


 *************** function _sendCANmessage *****************
 Defined at:
		line 661 in file "MainCode.c"
 Parameters:    Size  Location     Type
  id              2    0[COMRAM] int 
  message         2    2[COMRAM] PTR int 
		 -> canRecInt@message(16), 
  length          2    4[COMRAM] int 
 Auto vars:     Size  Location     Type
		None
 Return value:  Size  Location     Type
                  1    wreg      void 
 Registers used:
		wreg, fsr2l, fsr2h, status,2, status,0
 Tracked objects:
		On entry : 
		On exit  : 
		Unchanged: 
 Data sizes:     COMRAM   BANK0   BANK1   BANK2   BANK3   BANK4   BANK5   BANK6   BANK7
      Params:         6       0       0       0       0       0       0       0       0
      Locals:         0       0       0       0       0       0       0       0       0
      Temps:          2       0       0       0       0       0       0       0       0
      Totals:         8       0       0       0       0       0       0       0       0
Total ram usage:        8 bytes
 Hardware stack levels used:    1
 This function calls:
		Nothing
 This function is called by:
		_canRecInt
 This function uses a non-reentrant model



MODULE INFORMATION

Module		Function		Class		Link	Load	Size
MainCode.c
		_readI2C       		CODE           	03E6	0000	291
		_main          		CODE           	00AC	0000	445
		_wait10US      		CODE           	0B84	0000	55
		_initHCSR04    		CODE           	0AC8	0000	71
		_initCAN       		CODE           	0662	0000	107
		_adcInt        		CODE           	0C0C	0000	3
		_sendCANmessage		CODE           	0508	0000	215
		_getDistance1  		CODE           	0A62	0000	103
		_getDistance2  		CODE           	09FC	0000	103
		_canRecInt     		CODE           	0268	0000	383
		_getDistance3  		CODE           	0996	0000	103
		_getDistance4  		CODE           	0930	0000	103
		_getDistance5  		CODE           	08CA	0000	103
		_initADC       		CODE           	0BBA	0000	47
		_waitForSensor1		CODE           	0864	0000	103
		_waitForSensor2		CODE           	07FE	0000	103
		_waitForSensor3		CODE           	0798	0000	103
		_waitForSensor4		CODE           	0732	0000	103
		_waitForSensor5		CODE           	06CC	0000	103
		_wait2US       		CODE           	0B4E	0000	55
		_readADC       		CODE           	0B0E	0000	65
		_initI2C       		CODE           	05DE	0000	133

MainCode.c estimated size: 2900

shared
		__initialization		CODE           	0BE8	0000	25

shared estimated size: 25

