Microchip MPLAB XC8 Compiler V2.05 ()

Linker command line:

-W-3 --edf=D:\MPLAB\pic\dat\en_msgs.txt -pivt0x8=08h -cs \
  -h+dist/default/production\Lawnmower_sensor_board.X.production.sym \
  --cmf=dist/default/production\Lawnmower_sensor_board.X.production.cmf -z \
  -Q18F25K83 -oC:\Users\degee\AppData\Local\Temp\sgrc.2 \
  --defsym=__MPLAB_BUILD=1 \
  -Mdist/default/production/Lawnmower_sensor_board.X.production.map -E1 \
  -ver=XC8 --acfsm=1493 -ASTACK=066h-07FFh -pstack=STACK -ACODE=00h-07FFFh \
  -ACONST=00h-07FFFh -ASMALLCONST=0800h-08FFhx120 \
  -AMEDIUMCONST=0800h-07FFFh -ACOMRAM=01h-05Fh -AABS1=00h-07FFh \
  -ABIGRAM=01h-07FFh -ARAM=060h-0FFh,0100h-01FFhx7 -ABANK0=060h-0FFh \
  -ABANK1=0100h-01FFh -ABANK2=0200h-02FFh -ABANK3=0300h-03FFh \
  -ABANK4=0400h-04FFh -ABANK5=0500h-05FFh -ABANK6=0600h-06FFh \
  -ABANK7=0700h-07FFh -ASFR=03700h-037FFhx8,03F00h-03F5Fh,03F60h-03FFFh \
  -preset_vec=00h -ppowerup=CODE,init -pramtop=0800h \
  -psmallconst=SMALLCONST -pmediumconst=MEDIUMCONST -pconst=CONST \
  -AFARRAM=00h-00h -ACONFIG=0300000h-0300009h -pconfig=CONFIG \
  -AIDLOC=0200000h-020000Fh -pidloc=IDLOC -AEEDATA=0310000h-03103FFh \
  -peeprom_data=EEDATA \
  -prdata=COMRAM,nvrram=COMRAM,nvbit=COMRAM,rbss=COMRAM,rbit=COMRAM \
  -pfarbss=FARRAM,fardata=FARRAM,nvFARRAM=FARRAM \
  -pintsave_regs=BIGRAM,bigbss=BIGRAM,bigdata=BIGRAM -pbss=RAM \
  -pidata=CODE,irdata=CODE,ibigdata=CODE,ifardata=CODE -prparam=COMRAM \
  C:\Users\degee\AppData\Local\Temp\sgrc.o \
  dist/default/production\Lawnmower_sensor_board.X.production.o 

Object code version is 3.11

Machine type is 18F25K83

Call graph: (short form)




                Name                               Link     Load   Length Selector   Space Scale
C:\Users\degee\AppData\Local\Temp\sgrc.o
                init                                 A8       A8        4        4       0
                reset_vec                             0        0        4        0       0
                idloc                            200000   200000       10   200000       0
                config                           300000   300000        A   300000       0
dist/default/production\Lawnmower_sensor_board.X.production.o
                ivt0x8                                8        8       A0        4       0
                text21                              59E      59E       D6        4       0
                text20                              2C4      2C4      1CA        4       0
                text19                              CBC      CBC        2      32F       0
                text18                              AFA      AFA       66        4       0
                text17                              A94      A94       66        4       0
                text16                              A2E      A2E       66        4       0
                text15                              9C8      9C8       66        4       0
                text14                              962      962       66        4       0
                text13                              BA6      BA6       46        4       0
                text12                              6FA      6FA       6A        4       0
                text11                              B60      B60       46        4       0
                text10                              674      674       86        4       0
                text9                               BEC      BEC       40        4       0
                text8                               48E      48E      110        4       0
                text7                               C62      C62       36        4       0
                text6                               C2C      C2C       36        4       0
                text5                               8FC      8FC       66        4       0
                text4                               896      896       66        4       0
                text3                               830      830       66        4       0
                text2                               7CA      7CA       66        4       0
                text1                               764      764       66        4       0
                text0                                AC       AC      218        4       0
                cstackCOMRAM                         23       23       22        1       1
                cstackBANK0                          60       60        6       60       1
                bssCOMRAM                             1        1       22        1       1
                cinit                               C98      C98       22        4       0

TOTAL           Name                               Link     Load   Length     Space
        CLASS   STACK          

        CLASS   CODE           
                init                                 A8       A8        4         0
                reset_vec                             0        0        4         0
                ivt0x8                                8        8       A0         0
                text21                              59E      59E       D6         0
                text20                              2C4      2C4      1CA         0
                text19                              CBC      CBC        2         0
                text18                              AFA      AFA       66         0
                text17                              A94      A94       66         0
                text16                              A2E      A2E       66         0
                text15                              9C8      9C8       66         0
                text14                              962      962       66         0
                text13                              BA6      BA6       46         0
                text12                              6FA      6FA       6A         0
                text11                              B60      B60       46         0
                text10                              674      674       86         0
                text9                               BEC      BEC       40         0
                text8                               48E      48E      110         0
                text7                               C62      C62       36         0
                text6                               C2C      C2C       36         0
                text5                               8FC      8FC       66         0
                text4                               896      896       66         0
                text3                               830      830       66         0
                text2                               7CA      7CA       66         0
                text1                               764      764       66         0
                text0                                AC       AC      218         0
                cinit                               C98      C98       22         0

        CLASS   CONST          

        CLASS   SMALLCONST     

        CLASS   MEDIUMCONST    

        CLASS   COMRAM         
                cstackCOMRAM                         23       23       22         1
                bssCOMRAM                             1        1       22         1

        CLASS   ABS1           

        CLASS   BIGRAM         

        CLASS   RAM            

        CLASS   BANK0          
                cstackBANK0                          60       60        6         1

        CLASS   BANK1          

        CLASS   BANK2          

        CLASS   BANK3          

        CLASS   BANK4          

        CLASS   BANK5          

        CLASS   BANK6          

        CLASS   BANK7          

        CLASS   SFR            

        CLASS   FARRAM         

        CLASS   CONFIG         
                config                           300000   300000        A         0

        CLASS   IDLOC          
                idloc                            200000   200000       10         0

        CLASS   EEDATA         



SEGMENTS        Name                           Load    Length   Top    Selector   Space  Class

                reset_vec                      000000  000004  000004         0       0  CODE    
                bssCOMRAM                      000001  000044  000045         1       1  COMRAM  
                ivt0x8                         000008  000CB2  000CBA         4       0  CODE    
                cstackBANK0                    000060  000006  000066        60       1  BANK0   
                text19                         000CBC  000002  000CBE       32F       0  CODE    
                idloc                          200000  000010  200010    200000       0  IDLOC   
                config                         300000  00000A  30000A    300000       0  CONFIG  


UNUSED ADDRESS RANGES

        Name                Unused          Largest block    Delta
        BANK0            000066-0000FF               9A
        BANK1            000100-0001FF              100
        BANK2            000200-0002FF              100
        BANK3            000300-0003FF              100
        BANK4            000400-0004FF              100
        BANK5            000500-0005FF              100
        BANK6            000600-0006FF              100
        BANK7            000700-0007FF              100
        BIGRAM           000045-00005F               1B
                         000066-0007FF              79A
        CODE             000004-000007                4
                         000CBA-000CBB                2
                         000CBE-007FFF             7342
        COMRAM           000045-00005F               1B
        CONST            000004-000007                4
                         000CBA-000CBB                2
                         000CBE-007FFF             7342
        EEDATA           310000-3103FF              400
        MEDIUMCONST      000CBA-000CBB                2
                         000CBE-007FFF             7342
        RAM              000066-0007FF              100
        SFR              003700-003FFF              100
        SMALLCONST       000CBA-000CBB                2
                         000CBE-007FFF              100
        STACK            000066-0007FF              79A

                                  Symbol Table

?_getDistance1              cstackCOMRAM 00003D
?_getDistance2              cstackCOMRAM 00003D
?_getDistance3              cstackCOMRAM 00003D
?_getDistance4              cstackCOMRAM 00003D
?_getDistance5              cstackCOMRAM 00003D
?_readADC                   cstackCOMRAM 00003D
?_readI2C                   cstackCOMRAM 00003D
?_waitForSensor1            cstackCOMRAM 00003D
?_waitForSensor2            cstackCOMRAM 00003D
?_waitForSensor3            cstackCOMRAM 00003D
?_waitForSensor4            cstackCOMRAM 00003D
?_waitForSensor5            cstackCOMRAM 00003D
IVTBASEH                    (abs)        003FD6
IVTBASEL                    (abs)        003FD5
IVTBASEU                    (abs)        003FD7
_ADCLKbits                  (abs)        003EFF
_ADCON0bits                 (abs)        003EF8
_ADCvalueHigh0              bssCOMRAM    00001F
_ADCvalueHigh1              bssCOMRAM    00001B
_ADCvalueLow0               bssCOMRAM    00001D
_ADCvalueLow1               bssCOMRAM    000019
_ADPCHbits                  (abs)        003EF1
_ADREFbits                  (abs)        003EFD
_ADRESH                     (abs)        003EF0
_ADRESL                     (abs)        003EEF
_ANSELAbits                 (abs)        003A40
_ANSELBbits                 (abs)        003A50
_ANSELCbits                 (abs)        003A60
_BRGCON1bits                (abs)        003703
_CANCONbits                 (abs)        003F8F
_CANSTATbits                (abs)        003F8E
_FVRCONbits                 (abs)        003EC1
_GIE                        (abs)        01FE97
_I2C1ADB1                   (abs)        003D6E
_I2C1CLK                    (abs)        003D7B
_I2C1CNT                    (abs)        003D6C
_I2C1CON0                   (abs)        003D73
_I2C1CON0bits               (abs)        003D73
_I2C1CON1                   (abs)        003D74
_I2C1CON2                   (abs)        003D75
_I2C1ERR                    (abs)        003D76
_I2C1ERRbits                (abs)        003D76
_I2C1PIEbits                (abs)        003D7A
_I2C1PIR                    (abs)        003D79
_I2C1PIRbits                (abs)        003D79
_I2C1RXB                    (abs)        003D6A
_I2C1SCLPPSbits             (abs)        003AE3
_I2C1SDAPPSbits             (abs)        003AE4
_I2C1STAT0bits              (abs)        003D77
_I2C1STAT1bits              (abs)        003D78
_I2C1TXB                    (abs)        003D6B
_INTCON0bits                (abs)        003FD2
_LATCbits                   (abs)        003FBC
_ODCONCbits                 (abs)        003A62
_OSCCON1                    (abs)        0039D9
_PIE5bits                   (abs)        003995
_PIR5bits                   (abs)        0039A5
_PORTAbits                  (abs)        003FCA
_PORTBbits                  (abs)        003FCB
_PORTCbits                  (abs)        003FCC
_PPSLOCK                    (abs)        003ABF
_PPSLOCKbits                (abs)        003ABF
_RB2PPS                     (abs)        003A0A
_RC3I2C                     (abs)        003A6A
_RC3PPS                     (abs)        003A13
_RC4I2C                     (abs)        003A6B
_RC4PPS                     (abs)        003A14
_RXB0CONbits                (abs)        003F80
_RXB0D0                     (abs)        003F86
_RXB1CONbits                (abs)        0037F0
_RXF0SIDH                   (abs)        0037A0
_RXF0SIDLbits               (abs)        0037A1
_RXF1SIDH                   (abs)        0037A4
_RXF1SIDLbits               (abs)        0037A5
_RXM0SIDH                   (abs)        0037B8
_RXM0SIDLbits               (abs)        0037B9
_RXM1SIDH                   (abs)        0037BC
_RXM1SIDLbits               (abs)        0037BD
_SLRCONCbits                (abs)        003A63
_T1CLK                      (abs)        003FB5
_T1CONbits                  (abs)        003FB2
_TMR1H                      (abs)        003FB1
_TMR1L                      (abs)        003FB0
_TRISAbits                  (abs)        003FC2
_TRISBbits                  (abs)        003FC3
_TRISCbits                  (abs)        003FC4
_TXB0CONbits                (abs)        0037E0
_TXB0D0                     (abs)        0037E6
_TXB0D1                     (abs)        0037E7
_TXB0D2                     (abs)        0037E8
_TXB0D3                     (abs)        0037E9
_TXB0D4                     (abs)        0037EA
_TXB0D5                     (abs)        0037EB
_TXB0D6                     (abs)        0037EC
_TXB0D7                     (abs)        0037ED
_TXB0DLCbits                (abs)        0037E5
_TXB0SIDH                   (abs)        0037E1
_TXB0SIDLbits               (abs)        0037E2
__CFG_BBEN$OFF              (abs)        000000
__CFG_BBSIZE$BBSIZE_512     (abs)        000000
__CFG_BOREN$SBORDIS         (abs)        000000
__CFG_BORV$VBOR_2P45        (abs)        000000
__CFG_CLKOUTEN$OFF          (abs)        000000
__CFG_CP$OFF                (abs)        000000
__CFG_CSWEN$ON              (abs)        000000
__CFG_DEBUG$OFF             (abs)        000000
__CFG_FCMEN$ON              (abs)        000000
__CFG_IVT1WAY$ON            (abs)        000000
__CFG_LPBOREN$OFF           (abs)        000000
__CFG_LVP$ON                (abs)        000000
__CFG_MCLRE$EXTMCLR         (abs)        000000
__CFG_MVECEN$ON             (abs)        000000
__CFG_PPS1WAY$ON            (abs)        000000
__CFG_PR1WAY$ON             (abs)        000000
__CFG_PWRTS$PWRT_OFF        (abs)        000000
__CFG_RSTOSC$HFINTOSC_64MHZ (abs)        000000
__CFG_SAFEN$OFF             (abs)        000000
__CFG_STVREN$ON             (abs)        000000
__CFG_WDTCCS$SC             (abs)        000000
__CFG_WDTCPS$WDTCPS_31      (abs)        000000
__CFG_WDTCWS$WDTCWS_7       (abs)        000000
__CFG_WDTE$OFF              (abs)        000000
__CFG_WRTAPP$OFF            (abs)        000000
__CFG_WRTB$OFF              (abs)        000000
__CFG_WRTC$OFF              (abs)        000000
__CFG_WRTD$OFF              (abs)        000000
__CFG_WRTSAF$OFF            (abs)        000000
__CFG_XINST$OFF             (abs)        000000
__CFG_ZCD$OFF               (abs)        000000
__HRAM                      (abs)        000000
__Habs1                     abs1         000000
__Hbank0                    bank0        000000
__Hbank1                    bank1        000000
__Hbank2                    bank2        000000
__Hbank3                    bank3        000000
__Hbank4                    bank4        000000
__Hbank5                    bank5        000000
__Hbank6                    bank6        000000
__Hbank7                    bank7        000000
__Hbigbss                   bigbss       000000
__Hbigdata                  bigdata      000000
__Hbigram                   bigram       000000
__Hbss                      bss          000000
__HbssCOMRAM                bssCOMRAM    000000
__Hcinit                    cinit        000000
__Hclrtext                  clrtext      000000
__Hcomram                   comram       000000
__Hconfig                   config       30000A
__Hconst                    const        000000
__HcstackBANK0              cstackBANK0  000000
__HcstackCOMRAM             cstackCOMRAM 000000
__Hdata                     data         000000
__Heeprom_data              eeprom_data  000000
__Hfarbss                   farbss       000000
__Hfardata                  fardata      000000
__Hibigdata                 ibigdata     000000
__Hidata                    idata        000000
__Hidloc                    idloc        200010
__Hifardata                 ifardata     000000
__Hinit                     init         0000AC
__Hintsave_regs             intsave_regs 000000
__Hirdata                   irdata       000000
__Hivt0x8                   ivt0x8       0000A8
__Hmediumconst              mediumconst  000000
__HnvFARRAM                 nvFARRAM     000000
__Hnvbit                    nvbit        000000
__Hnvrram                   nvrram       000000
__Hparam                    rparam       000000
__Hpowerup                  powerup      000000
__Hram                      ram          000000
__Hramtop                   ramtop       000800
__Hrbit                     rbit         000000
__Hrbss                     rbss         000000
__Hrdata                    rdata        000000
__Hreset_vec                reset_vec    000004
__Hrparam                   rparam       000000
__Hsfr                      sfr          000000
__Hsmallconst               smallconst   000000
__Hspace_0                  (abs)        30000A
__Hspace_1                  (abs)        000066
__Hspace_2                  (abs)        000000
__Hstack                    stack        000000
__Hstruct                   struct       000000
__Htemp                     temp         000000
__Htext                     text         000000
__Htext0                    text0        000000
__Htext1                    text1        000000
__Htext10                   text10       000000
__Htext11                   text11       000000
__Htext12                   text12       000000
__Htext13                   text13       000000
__Htext14                   text14       000000
__Htext15                   text15       000000
__Htext16                   text16       000000
__Htext17                   text17       000000
__Htext18                   text18       000000
__Htext19                   text19       000000
__Htext2                    text2        000000
__Htext20                   text20       000000
__Htext21                   text21       000000
__Htext3                    text3        000000
__Htext4                    text4        000000
__Htext5                    text5        000000
__Htext6                    text6        000000
__Htext7                    text7        000000
__Htext8                    text8        000000
__Htext9                    text9        000000
__LRAM                      (abs)        000001
__Labs1                     abs1         000000
__Lbank0                    bank0        000000
__Lbank1                    bank1        000000
__Lbank2                    bank2        000000
__Lbank3                    bank3        000000
__Lbank4                    bank4        000000
__Lbank5                    bank5        000000
__Lbank6                    bank6        000000
__Lbank7                    bank7        000000
__Lbigbss                   bigbss       000000
__Lbigdata                  bigdata      000000
__Lbigram                   bigram       000000
__Lbss                      bss          000000
__LbssCOMRAM                bssCOMRAM    000000
__Lcinit                    cinit        000000
__Lclrtext                  clrtext      000000
__Lcomram                   comram       000000
__Lconfig                   config       300000
__Lconst                    const        000000
__LcstackBANK0              cstackBANK0  000000
__LcstackCOMRAM             cstackCOMRAM 000000
__Ldata                     data         000000
__Leeprom_data              eeprom_data  000000
__Lfarbss                   farbss       000000
__Lfardata                  fardata      000000
__Libigdata                 ibigdata     000000
__Lidata                    idata        000000
__Lidloc                    idloc        200000
__Lifardata                 ifardata     000000
__Linit                     init         0000A8
__Lintsave_regs             intsave_regs 000000
__Lirdata                   irdata       000000
__Livt0x8                   ivt0x8       000008
__Lmediumconst              mediumconst  000000
__LnvFARRAM                 nvFARRAM     000000
__Lnvbit                    nvbit        000000
__Lnvrram                   nvrram       000000
__Lparam                    rparam       000000
__Lpowerup                  powerup      000000
__Lram                      ram          000000
__Lramtop                   ramtop       000800
__Lrbit                     rbit         000000
__Lrbss                     rbss         000000
__Lrdata                    rdata        000000
__Lreset_vec                reset_vec    000000
__Lrparam                   rparam       000000
__Lsfr                      sfr          000000
__Lsmallconst               smallconst   000000
__Lspace_0                  (abs)        000000
__Lspace_1                  (abs)        000000
__Lspace_2                  (abs)        000000
__Lstack                    stack        000000
__Lstruct                   struct       000000
__Ltemp                     temp         000000
__Ltext                     text         000000
__Ltext0                    text0        000000
__Ltext1                    text1        000000
__Ltext10                   text10       000000
__Ltext11                   text11       000000
__Ltext12                   text12       000000
__Ltext13                   text13       000000
__Ltext14                   text14       000000
__Ltext15                   text15       000000
__Ltext16                   text16       000000
__Ltext17                   text17       000000
__Ltext18                   text18       000000
__Ltext19                   text19       000000
__Ltext2                    text2        000000
__Ltext20                   text20       000000
__Ltext21                   text21       000000
__Ltext3                    text3        000000
__Ltext4                    text4        000000
__Ltext5                    text5        000000
__Ltext6                    text6        000000
__Ltext7                    text7        000000
__Ltext8                    text8        000000
__Ltext9                    text9        000000
__S0                        (abs)        30000A
__S1                        (abs)        000066
__S2                        (abs)        000000
___inthi_sp                 stack        000000
___intlo_sp                 stack        000000
___param_bank               (abs)        000000
___rparam_used              (abs)        000001
___sp                       stack        000000
__accesstop                 (abs)        000060
__activetblptr              (abs)        000002
__end_of__initialization    cinit        000CB0
__end_of_adcInt             text19       000CBE
__end_of_canRecInt          text20       00048E
__end_of_getDistance1       text18       000B60
__end_of_getDistance2       text17       000AFA
__end_of_getDistance3       text16       000A94
__end_of_getDistance4       text15       000A2E
__end_of_getDistance5       text14       0009C8
__end_of_initADC            text13       000BEC
__end_of_initCAN            text12       000764
__end_of_initHCSR04         text11       000BA6
__end_of_initI2C            text10       0006FA
__end_of_main               text0        0002C4
__end_of_readADC            text9        000C2C
__end_of_readI2C            text8        00059E
__end_of_sendCANmessage     text21       000674
__end_of_wait10US           text7        000C98
__end_of_wait2US            text6        000C62
__end_of_waitForSensor1     text5        000962
__end_of_waitForSensor2     text4        0008FC
__end_of_waitForSensor3     text3        000896
__end_of_waitForSensor4     text2        000830
__end_of_waitForSensor5     text1        0007CA
__initialization            cinit        000C98
__mediumconst               mediumconst  000000
__pbssCOMRAM                bssCOMRAM    000001
__pcinit                    cinit        000C98
__pcstackBANK0              cstackBANK0  000060
__pcstackCOMRAM             cstackCOMRAM 000023
__pivt0x8                   ivt0x8       000008
__ptext0                    text0        0000AC
__ptext1                    text1        000764
__ptext10                   text10       000674
__ptext11                   text11       000B60
__ptext12                   text12       0006FA
__ptext13                   text13       000BA6
__ptext14                   text14       000962
__ptext15                   text15       0009C8
__ptext16                   text16       000A2E
__ptext17                   text17       000A94
__ptext18                   text18       000AFA
__ptext19                   text19       000CBC
__ptext2                    text2        0007CA
__ptext20                   text20       0002C4
__ptext21                   text21       00059E
__ptext3                    text3        000830
__ptext4                    text4        000896
__ptext5                    text5        0008FC
__ptext6                    text6        000C2C
__ptext7                    text7        000C62
__ptext8                    text8        00048E
__ptext9                    text9        000BEC
__ramtop                    ramtop       000800
__size_of_adcInt            (abs)        000000
__size_of_canRecInt         (abs)        000000
__size_of_getDistance1      (abs)        000000
__size_of_getDistance2      (abs)        000000
__size_of_getDistance3      (abs)        000000
__size_of_getDistance4      (abs)        000000
__size_of_getDistance5      (abs)        000000
__size_of_initADC           (abs)        000000
__size_of_initCAN           (abs)        000000
__size_of_initHCSR04        (abs)        000000
__size_of_initI2C           (abs)        000000
__size_of_main              (abs)        000000
__size_of_readADC           (abs)        000000
__size_of_readI2C           (abs)        000000
__size_of_sendCANmessage    (abs)        000000
__size_of_wait10US          (abs)        000000
__size_of_wait2US           (abs)        000000
__size_of_waitForSensor1    (abs)        000000
__size_of_waitForSensor2    (abs)        000000
__size_of_waitForSensor3    (abs)        000000
__size_of_waitForSensor4    (abs)        000000
__size_of_waitForSensor5    (abs)        000000
__smallconst                smallconst   000000
_adcInt                     text19       000CBC
_canRecInt                  text20       0002C4
_con_perimeter              bssCOMRAM    000021
_distance1                  bssCOMRAM    000017
_distance2                  bssCOMRAM    000015
_distance3                  bssCOMRAM    000013
_distance4                  bssCOMRAM    000011
_distance5                  bssCOMRAM    00000F
_getDistance1               text18       000AFA
_getDistance2               text17       000A94
_getDistance3               text16       000A2E
_getDistance4               text15       0009C8
_getDistance5               text14       000962
_initADC                    text13       000BA6
_initCAN                    text12       0006FA
_initHCSR04                 text11       000B60
_initI2C                    text10       000674
_main                       text0        0000AC
_perimeter                  bssCOMRAM    000003
_readADC                    text9        000BEC
_readI2C                    text8        00048E
_sendCANmessage             text21       00059E
_sign_perimeter             bssCOMRAM    000001
_valid_distance1            bssCOMRAM    00000D
_valid_distance2            bssCOMRAM    00000B
_valid_distance3            bssCOMRAM    000009
_valid_distance4            bssCOMRAM    000007
_valid_distance5            bssCOMRAM    000005
_wait10US                   text7        000C62
_wait2US                    text6        000C2C
_waitForSensor1             text5        0008FC
_waitForSensor2             text4        000896
_waitForSensor3             text3        000830
_waitForSensor4             text2        0007CA
_waitForSensor5             text1        000764
canRecInt@message           cstackCOMRAM 00002D
end_of_initialization       cinit        000CB0
getDistance1@ticks          cstackCOMRAM 000041
getDistance2@ticks          cstackCOMRAM 000041
getDistance3@ticks          cstackCOMRAM 000041
getDistance4@ticks          cstackCOMRAM 000041
getDistance5@ticks          cstackCOMRAM 000041
initI2C@state               cstackCOMRAM 00003D
intlevel0                   text         000000
intlevel1                   text         000000
intlevel2                   text         000000
intlevel3                   text         000000
ivt0x8_base                 ivt0x8       000008
ivt0x8_undefint             ivt0x8       0000A6
main@temp0                  cstackBANK0  000062
main@temp1                  cstackBANK0  000064
readADC@ch                  cstackCOMRAM 00003D
readI2C@conOK               cstackCOMRAM 00003D
readI2C@counter             cstackCOMRAM 000043
readI2C@data                cstackCOMRAM 000040
readI2C@reg                 cstackCOMRAM 00003F
readI2C@tmpOK               cstackCOMRAM 000041
sendCANmessage@id           cstackCOMRAM 000023
sendCANmessage@length       cstackCOMRAM 000027
sendCANmessage@message      cstackCOMRAM 000025
stackhi                     (abs)        0007FF
stacklo                     (abs)        000066
start                       init         0000A8
start_initialization        cinit        000C98
wait10US@i                  cstackCOMRAM 00003D
wait2US@i                   cstackCOMRAM 00003D
waitForSensor1@i            cstackCOMRAM 000041
waitForSensor2@i            cstackCOMRAM 000041
waitForSensor3@i            cstackCOMRAM 000041
waitForSensor4@i            cstackCOMRAM 000041
waitForSensor5@i            cstackCOMRAM 000041


FUNCTION INFORMATION:

 *************** function _main *****************
 Defined at:
		line 106 in file "MainCode.c"
 Parameters:    Size  Location     Type
		None
 Auto vars:     Size  Location     Type
  temp1           2    4[BANK0 ] int 
  temp0           2    2[BANK0 ] int 
 Return value:  Size  Location     Type
                  2  236[None  ] int 
 Registers used:
		wreg, fsr2l, fsr2h, status,2, status,0, cstack
 Tracked objects:
		On entry : 
		On exit  : 
		Unchanged: 
 Data sizes:     COMRAM   BANK0   BANK1   BANK2   BANK3   BANK4   BANK5   BANK6   BANK7
      Params:         0       0       0       0       0       0       0       0       0
      Locals:         0       4       0       0       0       0       0       0       0
      Temps:          0       2       0       0       0       0       0       0       0
      Totals:         0       6       0       0       0       0       0       0       0
Total ram usage:        6 bytes
 Hardware stack levels required when called:    3
 This function calls:
		_getDistance1
		_getDistance2
		_getDistance3
		_getDistance4
		_getDistance5
		_initADC
		_initCAN
		_initHCSR04
		_initI2C
		_readADC
		_readI2C
		_wait10US
		_wait2US
		_waitForSensor1
		_waitForSensor2
		_waitForSensor3
		_waitForSensor4
		_waitForSensor5
 This function is called by:
		Startup code after reset
 This function uses a non-reentrant model


 *************** function _waitForSensor5 *****************
 Defined at:
		line 551 in file "MainCode.c"
 Parameters:    Size  Location     Type
		None
 Auto vars:     Size  Location     Type
  i               2   30[COMRAM] int 
 Return value:  Size  Location     Type
                  2   26[COMRAM] int 
 Registers used:
		wreg, status,2, status,0
 Tracked objects:
		On entry : 
		On exit  : 
		Unchanged: 
 Data sizes:     COMRAM   BANK0   BANK1   BANK2   BANK3   BANK4   BANK5   BANK6   BANK7
      Params:         2       0       0       0       0       0       0       0       0
      Locals:         2       0       0       0       0       0       0       0       0
      Temps:          2       0       0       0       0       0       0       0       0
      Totals:         6       0       0       0       0       0       0       0       0
Total ram usage:        6 bytes
 Hardware stack levels used:    1
 Hardware stack levels required when called:    2
 This function calls:
		Nothing
 This function is called by:
		_main
 This function uses a non-reentrant model


 *************** function _waitForSensor4 *****************
 Defined at:
		line 538 in file "MainCode.c"
 Parameters:    Size  Location     Type
		None
 Auto vars:     Size  Location     Type
  i               2   30[COMRAM] int 
 Return value:  Size  Location     Type
                  2   26[COMRAM] int 
 Registers used:
		wreg, status,2, status,0
 Tracked objects:
		On entry : 
		On exit  : 
		Unchanged: 
 Data sizes:     COMRAM   BANK0   BANK1   BANK2   BANK3   BANK4   BANK5   BANK6   BANK7
      Params:         2       0       0       0       0       0       0       0       0
      Locals:         2       0       0       0       0       0       0       0       0
      Temps:          2       0       0       0       0       0       0       0       0
      Totals:         6       0       0       0       0       0       0       0       0
Total ram usage:        6 bytes
 Hardware stack levels used:    1
 Hardware stack levels required when called:    2
 This function calls:
		Nothing
 This function is called by:
		_main
 This function uses a non-reentrant model


 *************** function _waitForSensor3 *****************
 Defined at:
		line 525 in file "MainCode.c"
 Parameters:    Size  Location     Type
		None
 Auto vars:     Size  Location     Type
  i               2   30[COMRAM] int 
 Return value:  Size  Location     Type
                  2   26[COMRAM] int 
 Registers used:
		wreg, status,2, status,0
 Tracked objects:
		On entry : 
		On exit  : 
		Unchanged: 
 Data sizes:     COMRAM   BANK0   BANK1   BANK2   BANK3   BANK4   BANK5   BANK6   BANK7
      Params:         2       0       0       0       0       0       0       0       0
      Locals:         2       0       0       0       0       0       0       0       0
      Temps:          2       0       0       0       0       0       0       0       0
      Totals:         6       0       0       0       0       0       0       0       0
Total ram usage:        6 bytes
 Hardware stack levels used:    1
 Hardware stack levels required when called:    2
 This function calls:
		Nothing
 This function is called by:
		_main
 This function uses a non-reentrant model


 *************** function _waitForSensor2 *****************
 Defined at:
		line 512 in file "MainCode.c"
 Parameters:    Size  Location     Type
		None
 Auto vars:     Size  Location     Type
  i               2   30[COMRAM] int 
 Return value:  Size  Location     Type
                  2   26[COMRAM] int 
 Registers used:
		wreg, status,2, status,0
 Tracked objects:
		On entry : 
		On exit  : 
		Unchanged: 
 Data sizes:     COMRAM   BANK0   BANK1   BANK2   BANK3   BANK4   BANK5   BANK6   BANK7
      Params:         2       0       0       0       0       0       0       0       0
      Locals:         2       0       0       0       0       0       0       0       0
      Temps:          2       0       0       0       0       0       0       0       0
      Totals:         6       0       0       0       0       0       0       0       0
Total ram usage:        6 bytes
 Hardware stack levels used:    1
 Hardware stack levels required when called:    2
 This function calls:
		Nothing
 This function is called by:
		_main
 This function uses a non-reentrant model


 *************** function _waitForSensor1 *****************
 Defined at:
		line 499 in file "MainCode.c"
 Parameters:    Size  Location     Type
		None
 Auto vars:     Size  Location     Type
  i               2   30[COMRAM] int 
 Return value:  Size  Location     Type
                  2   26[COMRAM] int 
 Registers used:
		wreg, status,2, status,0
 Tracked objects:
		On entry : 
		On exit  : 
		Unchanged: 
 Data sizes:     COMRAM   BANK0   BANK1   BANK2   BANK3   BANK4   BANK5   BANK6   BANK7
      Params:         2       0       0       0       0       0       0       0       0
      Locals:         2       0       0       0       0       0       0       0       0
      Temps:          2       0       0       0       0       0       0       0       0
      Totals:         6       0       0       0       0       0       0       0       0
Total ram usage:        6 bytes
 Hardware stack levels used:    1
 Hardware stack levels required when called:    2
 This function calls:
		Nothing
 This function is called by:
		_main
 This function uses a non-reentrant model


 *************** function _wait2US *****************
 Defined at:
		line 649 in file "MainCode.c"
 Parameters:    Size  Location     Type
		None
 Auto vars:     Size  Location     Type
  i               4   26[COMRAM] long 
 Return value:  Size  Location     Type
                  1    wreg      void 
 Registers used:
		wreg, status,2, status,0
 Tracked objects:
		On entry : 
		On exit  : 
		Unchanged: 
 Data sizes:     COMRAM   BANK0   BANK1   BANK2   BANK3   BANK4   BANK5   BANK6   BANK7
      Params:         0       0       0       0       0       0       0       0       0
      Locals:         4       0       0       0       0       0       0       0       0
      Temps:          0       0       0       0       0       0       0       0       0
      Totals:         4       0       0       0       0       0       0       0       0
Total ram usage:        4 bytes
 Hardware stack levels used:    1
 Hardware stack levels required when called:    2
 This function calls:
		Nothing
 This function is called by:
		_main
 This function uses a non-reentrant model


 *************** function _wait10US *****************
 Defined at:
		line 655 in file "MainCode.c"
 Parameters:    Size  Location     Type
		None
 Auto vars:     Size  Location     Type
  i               4   26[COMRAM] long 
 Return value:  Size  Location     Type
                  1    wreg      void 
 Registers used:
		wreg, status,2, status,0
 Tracked objects:
		On entry : 
		On exit  : 
		Unchanged: 
 Data sizes:     COMRAM   BANK0   BANK1   BANK2   BANK3   BANK4   BANK5   BANK6   BANK7
      Params:         0       0       0       0       0       0       0       0       0
      Locals:         4       0       0       0       0       0       0       0       0
      Temps:          0       0       0       0       0       0       0       0       0
      Totals:         4       0       0       0       0       0       0       0       0
Total ram usage:        4 bytes
 Hardware stack levels used:    1
 Hardware stack levels required when called:    2
 This function calls:
		Nothing
 This function is called by:
		_main
 This function uses a non-reentrant model


 *************** function _readI2C *****************
 Defined at:
		line 312 in file "MainCode.c"
 Parameters:    Size  Location     Type
  reg             1    wreg     unsigned char 
  conOK           2   26[COMRAM] PTR int 
		 -> con_perimeter(2), 
 Auto vars:     Size  Location     Type
  reg             1   28[COMRAM] unsigned char 
  counter         2   32[COMRAM] int 
  tmpOK           2   30[COMRAM] int 
  data            1   29[COMRAM] unsigned char 
 Return value:  Size  Location     Type
                  2   26[COMRAM] int 
 Registers used:
		wreg, fsr2l, fsr2h, status,2, status,0
 Tracked objects:
		On entry : 
		On exit  : 
		Unchanged: 
 Data sizes:     COMRAM   BANK0   BANK1   BANK2   BANK3   BANK4   BANK5   BANK6   BANK7
      Params:         2       0       0       0       0       0       0       0       0
      Locals:         6       0       0       0       0       0       0       0       0
      Temps:          0       0       0       0       0       0       0       0       0
      Totals:         8       0       0       0       0       0       0       0       0
Total ram usage:        8 bytes
 Hardware stack levels used:    1
 Hardware stack levels required when called:    2
 This function calls:
		Nothing
 This function is called by:
		_main
 This function uses a non-reentrant model


 *************** function _readADC *****************
 Defined at:
		line 733 in file "MainCode.c"
 Parameters:    Size  Location     Type
  ch              2   26[COMRAM] int 
 Auto vars:     Size  Location     Type
		None
 Return value:  Size  Location     Type
                  2   26[COMRAM] int 
 Registers used:
		wreg, status,2, status,0
 Tracked objects:
		On entry : 
		On exit  : 
		Unchanged: 
 Data sizes:     COMRAM   BANK0   BANK1   BANK2   BANK3   BANK4   BANK5   BANK6   BANK7
      Params:         2       0       0       0       0       0       0       0       0
      Locals:         0       0       0       0       0       0       0       0       0
      Temps:          2       0       0       0       0       0       0       0       0
      Totals:         4       0       0       0       0       0       0       0       0
Total ram usage:        4 bytes
 Hardware stack levels used:    1
 Hardware stack levels required when called:    2
 This function calls:
		Nothing
 This function is called by:
		_main
 This function uses a non-reentrant model


 *************** function _initI2C *****************
 Defined at:
		line 376 in file "MainCode.c"
 Parameters:    Size  Location     Type
		None
 Auto vars:     Size  Location     Type
  state           2   26[COMRAM] int 
 Return value:  Size  Location     Type
                  1    wreg      void 
 Registers used:
		wreg, status,2
 Tracked objects:
		On entry : 
		On exit  : 
		Unchanged: 
 Data sizes:     COMRAM   BANK0   BANK1   BANK2   BANK3   BANK4   BANK5   BANK6   BANK7
      Params:         0       0       0       0       0       0       0       0       0
      Locals:         2       0       0       0       0       0       0       0       0
      Temps:          0       0       0       0       0       0       0       0       0
      Totals:         2       0       0       0       0       0       0       0       0
Total ram usage:        2 bytes
 Hardware stack levels used:    1
 Hardware stack levels required when called:    2
 This function calls:
		Nothing
 This function is called by:
		_main
 This function uses a non-reentrant model


 *************** function _initHCSR04 *****************
 Defined at:
		line 462 in file "MainCode.c"
 Parameters:    Size  Location     Type
		None
 Auto vars:     Size  Location     Type
		None
 Return value:  Size  Location     Type
                  1    wreg      void 
 Registers used:
		wreg, status,2
 Tracked objects:
		On entry : 
		On exit  : 
		Unchanged: 
 Data sizes:     COMRAM   BANK0   BANK1   BANK2   BANK3   BANK4   BANK5   BANK6   BANK7
      Params:         0       0       0       0       0       0       0       0       0
      Locals:         0       0       0       0       0       0       0       0       0
      Temps:          0       0       0       0       0       0       0       0       0
      Totals:         0       0       0       0       0       0       0       0       0
Total ram usage:        0 bytes
 Hardware stack levels used:    1
 Hardware stack levels required when called:    2
 This function calls:
		Nothing
 This function is called by:
		_main
 This function uses a non-reentrant model


 *************** function _initCAN *****************
 Defined at:
		line 661 in file "MainCode.c"
 Parameters:    Size  Location     Type
		None
 Auto vars:     Size  Location     Type
		None
 Return value:  Size  Location     Type
                  1    wreg      void 
 Registers used:
		wreg, status,2, status,0
 Tracked objects:
		On entry : 
		On exit  : 
		Unchanged: 
 Data sizes:     COMRAM   BANK0   BANK1   BANK2   BANK3   BANK4   BANK5   BANK6   BANK7
      Params:         0       0       0       0       0       0       0       0       0
      Locals:         0       0       0       0       0       0       0       0       0
      Temps:          0       0       0       0       0       0       0       0       0
      Totals:         0       0       0       0       0       0       0       0       0
Total ram usage:        0 bytes
 Hardware stack levels used:    1
 Hardware stack levels required when called:    2
 This function calls:
		Nothing
 This function is called by:
		_main
 This function uses a non-reentrant model


 *************** function _initADC *****************
 Defined at:
		line 419 in file "MainCode.c"
 Parameters:    Size  Location     Type
		None
 Auto vars:     Size  Location     Type
		None
 Return value:  Size  Location     Type
                  1    wreg      void 
 Registers used:
		wreg, status,2
 Tracked objects:
		On entry : 
		On exit  : 
		Unchanged: 
 Data sizes:     COMRAM   BANK0   BANK1   BANK2   BANK3   BANK4   BANK5   BANK6   BANK7
      Params:         0       0       0       0       0       0       0       0       0
      Locals:         0       0       0       0       0       0       0       0       0
      Temps:          0       0       0       0       0       0       0       0       0
      Totals:         0       0       0       0       0       0       0       0       0
Total ram usage:        0 bytes
 Hardware stack levels used:    1
 Hardware stack levels required when called:    2
 This function calls:
		Nothing
 This function is called by:
		_main
 This function uses a non-reentrant model


 *************** function _getDistance5 *****************
 Defined at:
		line 632 in file "MainCode.c"
 Parameters:    Size  Location     Type
		None
 Auto vars:     Size  Location     Type
  ticks           2   30[COMRAM] int 
 Return value:  Size  Location     Type
                  2   26[COMRAM] int 
 Registers used:
		wreg, status,2, status,0
 Tracked objects:
		On entry : 
		On exit  : 
		Unchanged: 
 Data sizes:     COMRAM   BANK0   BANK1   BANK2   BANK3   BANK4   BANK5   BANK6   BANK7
      Params:         2       0       0       0       0       0       0       0       0
      Locals:         2       0       0       0       0       0       0       0       0
      Temps:          2       0       0       0       0       0       0       0       0
      Totals:         6       0       0       0       0       0       0       0       0
Total ram usage:        6 bytes
 Hardware stack levels used:    1
 Hardware stack levels required when called:    2
 This function calls:
		Nothing
 This function is called by:
		_main
 This function uses a non-reentrant model


 *************** function _getDistance4 *****************
 Defined at:
		line 615 in file "MainCode.c"
 Parameters:    Size  Location     Type
		None
 Auto vars:     Size  Location     Type
  ticks           2   30[COMRAM] int 
 Return value:  Size  Location     Type
                  2   26[COMRAM] int 
 Registers used:
		wreg, status,2, status,0
 Tracked objects:
		On entry : 
		On exit  : 
		Unchanged: 
 Data sizes:     COMRAM   BANK0   BANK1   BANK2   BANK3   BANK4   BANK5   BANK6   BANK7
      Params:         2       0       0       0       0       0       0       0       0
      Locals:         2       0       0       0       0       0       0       0       0
      Temps:          2       0       0       0       0       0       0       0       0
      Totals:         6       0       0       0       0       0       0       0       0
Total ram usage:        6 bytes
 Hardware stack levels used:    1
 Hardware stack levels required when called:    2
 This function calls:
		Nothing
 This function is called by:
		_main
 This function uses a non-reentrant model


 *************** function _getDistance3 *****************
 Defined at:
		line 598 in file "MainCode.c"
 Parameters:    Size  Location     Type
		None
 Auto vars:     Size  Location     Type
  ticks           2   30[COMRAM] int 
 Return value:  Size  Location     Type
                  2   26[COMRAM] int 
 Registers used:
		wreg, status,2, status,0
 Tracked objects:
		On entry : 
		On exit  : 
		Unchanged: 
 Data sizes:     COMRAM   BANK0   BANK1   BANK2   BANK3   BANK4   BANK5   BANK6   BANK7
      Params:         2       0       0       0       0       0       0       0       0
      Locals:         2       0       0       0       0       0       0       0       0
      Temps:          2       0       0       0       0       0       0       0       0
      Totals:         6       0       0       0       0       0       0       0       0
Total ram usage:        6 bytes
 Hardware stack levels used:    1
 Hardware stack levels required when called:    2
 This function calls:
		Nothing
 This function is called by:
		_main
 This function uses a non-reentrant model


 *************** function _getDistance2 *****************
 Defined at:
		line 581 in file "MainCode.c"
 Parameters:    Size  Location     Type
		None
 Auto vars:     Size  Location     Type
  ticks           2   30[COMRAM] int 
 Return value:  Size  Location     Type
                  2   26[COMRAM] int 
 Registers used:
		wreg, status,2, status,0
 Tracked objects:
		On entry : 
		On exit  : 
		Unchanged: 
 Data sizes:     COMRAM   BANK0   BANK1   BANK2   BANK3   BANK4   BANK5   BANK6   BANK7
      Params:         2       0       0       0       0       0       0       0       0
      Locals:         2       0       0       0       0       0       0       0       0
      Temps:          2       0       0       0       0       0       0       0       0
      Totals:         6       0       0       0       0       0       0       0       0
Total ram usage:        6 bytes
 Hardware stack levels used:    1
 Hardware stack levels required when called:    2
 This function calls:
		Nothing
 This function is called by:
		_main
 This function uses a non-reentrant model


 *************** function _getDistance1 *****************
 Defined at:
		line 564 in file "MainCode.c"
 Parameters:    Size  Location     Type
		None
 Auto vars:     Size  Location     Type
  ticks           2   30[COMRAM] int 
 Return value:  Size  Location     Type
                  2   26[COMRAM] int 
 Registers used:
		wreg, status,2, status,0
 Tracked objects:
		On entry : 
		On exit  : 
		Unchanged: 
 Data sizes:     COMRAM   BANK0   BANK1   BANK2   BANK3   BANK4   BANK5   BANK6   BANK7
      Params:         2       0       0       0       0       0       0       0       0
      Locals:         2       0       0       0       0       0       0       0       0
      Temps:          2       0       0       0       0       0       0       0       0
      Totals:         6       0       0       0       0       0       0       0       0
Total ram usage:        6 bytes
 Hardware stack levels used:    1
 Hardware stack levels required when called:    2
 This function calls:
		Nothing
 This function is called by:
		_main
 This function uses a non-reentrant model


 *************** function _adcInt *****************
 Defined at:
		line 217 in file "MainCode.c"
 Parameters:    Size  Location     Type
		None
 Auto vars:     Size  Location     Type
		None
 Return value:  Size  Location     Type
                  1    wreg      void 
 Registers used:
		None
 Tracked objects:
		On entry : 
		On exit  : 
		Unchanged: 
 Data sizes:     COMRAM   BANK0   BANK1   BANK2   BANK3   BANK4   BANK5   BANK6   BANK7
      Params:         0       0       0       0       0       0       0       0       0
      Locals:         0       0       0       0       0       0       0       0       0
      Temps:          0       0       0       0       0       0       0       0       0
      Totals:         0       0       0       0       0       0       0       0       0
Total ram usage:        0 bytes
 Hardware stack levels used:    1
 This function calls:
		Nothing
 This function is called by:
		Interrupt level 2
 This function uses a non-reentrant model


 *************** function _canRecInt *****************
 Defined at:
		line 223 in file "MainCode.c"
 Parameters:    Size  Location     Type
		None
 Auto vars:     Size  Location     Type
  message        16   10[COMRAM] int [8]
 Return value:  Size  Location     Type
                  1    wreg      void 
 Registers used:
		wreg, fsr2l, fsr2h, status,2, status,0, cstack
 Tracked objects:
		On entry : 
		On exit  : 
		Unchanged: 
 Data sizes:     COMRAM   BANK0   BANK1   BANK2   BANK3   BANK4   BANK5   BANK6   BANK7
      Params:         0       0       0       0       0       0       0       0       0
      Locals:        16       0       0       0       0       0       0       0       0
      Temps:          2       0       0       0       0       0       0       0       0
      Totals:        18       0       0       0       0       0       0       0       0
Total ram usage:       18 bytes
 Hardware stack levels used:    1
 Hardware stack levels required when called:    1
 This function calls:
		_sendCANmessage
 This function is called by:
		Interrupt level 2
 This function uses a non-reentrant model


 *************** function _sendCANmessage *****************
 Defined at:
		line 706 in file "MainCode.c"
 Parameters:    Size  Location     Type
  id              2    0[COMRAM] int 
  message         2    2[COMRAM] PTR int 
		 -> canRecInt@message(16), 
  length          2    4[COMRAM] int 
 Auto vars:     Size  Location     Type
		None
 Return value:  Size  Location     Type
                  1    wreg      void 
 Registers used:
		wreg, fsr2l, fsr2h, status,2, status,0
 Tracked objects:
		On entry : 
		On exit  : 
		Unchanged: 
 Data sizes:     COMRAM   BANK0   BANK1   BANK2   BANK3   BANK4   BANK5   BANK6   BANK7
      Params:         6       0       0       0       0       0       0       0       0
      Locals:         0       0       0       0       0       0       0       0       0
      Temps:          2       0       0       0       0       0       0       0       0
      Totals:         8       0       0       0       0       0       0       0       0
Total ram usage:        8 bytes
 Hardware stack levels used:    1
 This function calls:
		Nothing
 This function is called by:
		_canRecInt
 This function uses a non-reentrant model



MODULE INFORMATION

Module		Function		Class		Link	Load	Size
MainCode.c
		_readI2C       		CODE           	048E	0000	273
		_main          		CODE           	00AC	0000	537
		_wait10US      		CODE           	0C62	0000	55
		_initHCSR04    		CODE           	0B60	0000	71
		_initCAN       		CODE           	06FA	0000	107
		_adcInt        		CODE           	0CBC	0000	3
		_sendCANmessage		CODE           	059E	0000	215
		_getDistance1  		CODE           	0AFA	0000	103
		_getDistance2  		CODE           	0A94	0000	103
		_canRecInt     		CODE           	02C4	0000	459
		_getDistance3  		CODE           	0A2E	0000	103
		_getDistance4  		CODE           	09C8	0000	103
		_getDistance5  		CODE           	0962	0000	103
		_initADC       		CODE           	0BA6	0000	71
		_waitForSensor1		CODE           	08FC	0000	103
		_waitForSensor2		CODE           	0896	0000	103
		_waitForSensor3		CODE           	0830	0000	103
		_waitForSensor4		CODE           	07CA	0000	103
		_waitForSensor5		CODE           	0764	0000	103
		_wait2US       		CODE           	0C2C	0000	55
		_readADC       		CODE           	0BEC	0000	65
		_initI2C       		CODE           	0674	0000	135

MainCode.c estimated size: 3076

shared
		__initialization		CODE           	0C98	0000	25

shared estimated size: 25

