Microchip MPLAB XC8 Compiler V2.05 ()

Linker command line:

-W-3 --edf=D:\MPLAB\pic\dat\en_msgs.txt -pivt0x8=08h -cs \
  -h+dist/default/production\Lawnmower_control_panel.X.production.sym \
  --cmf=dist/default/production\Lawnmower_control_panel.X.production.cmf -z \
  -Q18F25K83 -oC:\Users\degee\AppData\Local\Temp\sa38.2 \
  --defsym=__MPLAB_BUILD=1 \
  -Mdist/default/production/Lawnmower_control_panel.X.production.map -E1 \
  -ver=XC8 --acfsm=1493 -ASTACK=060h-07FFh -pstack=STACK -ACODE=00h-07FFFh \
  -ACONST=00h-07FFFh -ASMALLCONST=0800h-08FFhx120 \
  -AMEDIUMCONST=0800h-07FFFh -ACOMRAM=01h-05Fh -AABS1=00h-07FFh \
  -ABIGRAM=01h-07FFh -ARAM=060h-0FFh,0100h-01FFhx7 -ABANK0=060h-0FFh \
  -ABANK1=0100h-01FFh -ABANK2=0200h-02FFh -ABANK3=0300h-03FFh \
  -ABANK4=0400h-04FFh -ABANK5=0500h-05FFh -ABANK6=0600h-06FFh \
  -ABANK7=0700h-07FFh -ASFR=03700h-037FFhx8,03F00h-03F5Fh,03F60h-03FFFh \
  -preset_vec=00h -ppowerup=CODE,init -pramtop=0800h \
  -psmallconst=SMALLCONST -pmediumconst=MEDIUMCONST -pconst=CONST \
  -AFARRAM=00h-00h -ACONFIG=0300000h-0300009h -pconfig=CONFIG \
  -AIDLOC=0200000h-020000Fh -pidloc=IDLOC -AEEDATA=0310000h-03103FFh \
  -peeprom_data=EEDATA \
  -prdata=COMRAM,nvrram=COMRAM,nvbit=COMRAM,rbss=COMRAM,rbit=COMRAM \
  -pfarbss=FARRAM,fardata=FARRAM,nvFARRAM=FARRAM \
  -pintsave_regs=BIGRAM,bigbss=BIGRAM,bigdata=BIGRAM -pbss=RAM \
  -pidata=CODE,irdata=CODE,ibigdata=CODE,ifardata=CODE -prparam=COMRAM \
  C:\Users\degee\AppData\Local\Temp\sa38.o \
  dist/default/production\Lawnmower_control_panel.X.production.o 

Object code version is 3.11

Machine type is 18F25K83

Call graph: (short form)




                Name                               Link     Load   Length Selector   Space Scale
C:\Users\degee\AppData\Local\Temp\sa38.o
                init                                 A8       A8        4        4       0
                reset_vec                             0        0        4        0       0
                idloc                            200000   200000       10   200000       0
                config                           300000   300000        A   300000       0
dist/default/production\Lawnmower_control_panel.X.production.o
                ivt0x8                                8        8       A0        4       0
                text7                                AC       AC       D6        4       0
                text6                               268      268       50       9A       0
                text5                               32C      32C        2       C8       0
                text4                               320      320        C       C8       0
                text3                               2B8      2B8       2C       9A       0
                text2                               306      306       18       9A       0
                text1                               1FC      1FC       6A        4       0
                text0                               182      182       7A        4       0
                cstackCOMRAM                          1        1       1D        1       1
                bssCOMRAM                            1E       1E        B        1       1
                cinit                               2E4      2E4       22       9A       0

TOTAL           Name                               Link     Load   Length     Space
        CLASS   STACK          

        CLASS   CODE           
                init                                 A8       A8        4         0
                reset_vec                             0        0        4         0
                ivt0x8                                8        8       A0         0
                text7                                AC       AC       D6         0
                text6                               268      268       50         0
                text5                               32C      32C        2         0
                text4                               320      320        C         0
                text3                               2B8      2B8       2C         0
                text2                               306      306       18         0
                text1                               1FC      1FC       6A         0
                text0                               182      182       7A         0
                cinit                               2E4      2E4       22         0

        CLASS   CONST          

        CLASS   SMALLCONST     

        CLASS   MEDIUMCONST    

        CLASS   COMRAM         
                cstackCOMRAM                          1        1       1D         1
                bssCOMRAM                            1E       1E        B         1

        CLASS   ABS1           

        CLASS   BIGRAM         

        CLASS   RAM            

        CLASS   BANK0          

        CLASS   BANK1          

        CLASS   BANK2          

        CLASS   BANK3          

        CLASS   BANK4          

        CLASS   BANK5          

        CLASS   BANK6          

        CLASS   BANK7          

        CLASS   SFR            

        CLASS   FARRAM         

        CLASS   CONFIG         
                config                           300000   300000        A         0

        CLASS   IDLOC          
                idloc                            200000   200000       10         0

        CLASS   EEDATA         



SEGMENTS        Name                           Load    Length   Top    Selector   Space  Class

                reset_vec                      000000  000004  000004         0       0  CODE    
                cstackCOMRAM                   000001  000028  000029         1       1  COMRAM  
                ivt0x8                         000008  00025E  000266         4       0  CODE    
                text6                          000268  0000B6  00031E        9A       0  CODE    
                text4                          000320  00000E  00032E        C8       0  CODE    
                idloc                          200000  000010  200010    200000       0  IDLOC   
                config                         300000  00000A  30000A    300000       0  CONFIG  


UNUSED ADDRESS RANGES

        Name                Unused          Largest block    Delta
        BANK0            000060-0000FF               A0
        BANK1            000100-0001FF              100
        BANK2            000200-0002FF              100
        BANK3            000300-0003FF              100
        BANK4            000400-0004FF              100
        BANK5            000500-0005FF              100
        BANK6            000600-0006FF              100
        BANK7            000700-0007FF              100
        BIGRAM           000029-0007FF              7D7
        CODE             000004-000007                4
                         000266-000267                2
                         00031E-00031F                2
                         00032E-007FFF             7CD2
        COMRAM           000029-00005F               37
        CONST            000004-000007                4
                         000266-000267                2
                         00031E-00031F                2
                         00032E-007FFF             7CD2
        EEDATA           310000-3103FF              400
        MEDIUMCONST      000800-007FFF             7800
        RAM              000060-0007FF              100
        SFR              003700-003FFF              100
        SMALLCONST       000800-007FFF              100
        STACK            000060-0007FF              7A0

                                  Symbol Table

IVTBASEH                    (abs)        003FD6
IVTBASEL                    (abs)        003FD5
IVTBASEU                    (abs)        003FD7
Lcd_Port@a                  cstackCOMRAM 00001B
_ADCON0bits                 (abs)        003EF8
_ADCvalueHigh0              bssCOMRAM    000026
_ADCvalueHigh1              bssCOMRAM    000022
_ADCvalueLow0               bssCOMRAM    000024
_ADCvalueLow1               bssCOMRAM    000020
_ADPCHbits                  (abs)        003EF1
_ADRESH                     (abs)        003EF0
_ADRESL                     (abs)        003EEF
_ANSELAbits                 (abs)        003A40
_ANSELBbits                 (abs)        003A50
_ANSELC                     (abs)        003A60
_BRGCON1bits                (abs)        003703
_CANCONbits                 (abs)        003F8F
_CANSTATbits                (abs)        003F8E
_INT0PPS                    (abs)        003AC0
_INTCON0bits                (abs)        003FD2
_Lcd_Init                   text2        000306
_Lcd_Port                   text3        0002B8
_OSCCON1                    (abs)        0039D9
_PIE1bits                   (abs)        003991
_PIE5bits                   (abs)        003995
_PIR1bits                   (abs)        0039A1
_PIR5bits                   (abs)        0039A5
_PORTBbits                  (abs)        003FCB
_PORTCbits                  (abs)        003FCC
_RB2PPS                     (abs)        003A0A
_RXB0CONbits                (abs)        003F80
_RXB0D0                     (abs)        003F86
_RXB1CONbits                (abs)        0037F0
_RXF0SIDH                   (abs)        0037A0
_RXF0SIDLbits               (abs)        0037A1
_RXF1SIDH                   (abs)        0037A4
_RXF1SIDLbits               (abs)        0037A5
_RXM0SIDH                   (abs)        0037B8
_RXM0SIDLbits               (abs)        0037B9
_RXM1SIDH                   (abs)        0037BC
_RXM1SIDLbits               (abs)        0037BD
_TRISAbits                  (abs)        003FC2
_TRISBbits                  (abs)        003FC3
_TRISC                      (abs)        003FC4
_TXB0CONbits                (abs)        0037E0
_TXB0D0                     (abs)        0037E6
_TXB0D1                     (abs)        0037E7
_TXB0D2                     (abs)        0037E8
_TXB0D3                     (abs)        0037E9
_TXB0D4                     (abs)        0037EA
_TXB0D5                     (abs)        0037EB
_TXB0D6                     (abs)        0037EC
_TXB0D7                     (abs)        0037ED
_TXB0DLCbits                (abs)        0037E5
_TXB0SIDH                   (abs)        0037E1
_TXB0SIDLbits               (abs)        0037E2
__CFG_BBEN$OFF              (abs)        000000
__CFG_BBSIZE$BBSIZE_512     (abs)        000000
__CFG_BOREN$SBORDIS         (abs)        000000
__CFG_BORV$VBOR_2P45        (abs)        000000
__CFG_CLKOUTEN$OFF          (abs)        000000
__CFG_CP$OFF                (abs)        000000
__CFG_CSWEN$ON              (abs)        000000
__CFG_DEBUG$OFF             (abs)        000000
__CFG_FCMEN$ON              (abs)        000000
__CFG_IVT1WAY$ON            (abs)        000000
__CFG_LPBOREN$OFF           (abs)        000000
__CFG_LVP$ON                (abs)        000000
__CFG_MCLRE$EXTMCLR         (abs)        000000
__CFG_MVECEN$ON             (abs)        000000
__CFG_PPS1WAY$ON            (abs)        000000
__CFG_PR1WAY$ON             (abs)        000000
__CFG_PWRTS$PWRT_OFF        (abs)        000000
__CFG_RSTOSC$HFINTOSC_64MHZ (abs)        000000
__CFG_SAFEN$OFF             (abs)        000000
__CFG_STVREN$ON             (abs)        000000
__CFG_WDTCCS$SC             (abs)        000000
__CFG_WDTCPS$WDTCPS_31      (abs)        000000
__CFG_WDTCWS$WDTCWS_7       (abs)        000000
__CFG_WDTE$OFF              (abs)        000000
__CFG_WRTAPP$OFF            (abs)        000000
__CFG_WRTB$OFF              (abs)        000000
__CFG_WRTC$OFF              (abs)        000000
__CFG_WRTD$OFF              (abs)        000000
__CFG_WRTSAF$OFF            (abs)        000000
__CFG_XINST$OFF             (abs)        000000
__CFG_ZCD$OFF               (abs)        000000
__HRAM                      (abs)        000000
__Habs1                     abs1         000000
__Hbank0                    bank0        000000
__Hbank1                    bank1        000000
__Hbank2                    bank2        000000
__Hbank3                    bank3        000000
__Hbank4                    bank4        000000
__Hbank5                    bank5        000000
__Hbank6                    bank6        000000
__Hbank7                    bank7        000000
__Hbigbss                   bigbss       000000
__Hbigdata                  bigdata      000000
__Hbigram                   bigram       000000
__Hbss                      bss          000000
__HbssCOMRAM                bssCOMRAM    000000
__Hcinit                    cinit        000000
__Hclrtext                  clrtext      000000
__Hcomram                   comram       000000
__Hconfig                   config       30000A
__Hconst                    const        000000
__HcstackCOMRAM             cstackCOMRAM 000000
__Hdata                     data         000000
__Heeprom_data              eeprom_data  000000
__Hfarbss                   farbss       000000
__Hfardata                  fardata      000000
__Hibigdata                 ibigdata     000000
__Hidata                    idata        000000
__Hidloc                    idloc        200010
__Hifardata                 ifardata     000000
__Hinit                     init         0000AC
__Hintsave_regs             intsave_regs 000000
__Hirdata                   irdata       000000
__Hivt0x8                   ivt0x8       0000A8
__Hmediumconst              mediumconst  000000
__HnvFARRAM                 nvFARRAM     000000
__Hnvbit                    nvbit        000000
__Hnvrram                   nvrram       000000
__Hparam                    rparam       000000
__Hpowerup                  powerup      000000
__Hram                      ram          000000
__Hramtop                   ramtop       000800
__Hrbit                     rbit         000000
__Hrbss                     rbss         000000
__Hrdata                    rdata        000000
__Hreset_vec                reset_vec    000004
__Hrparam                   rparam       000000
__Hsfr                      sfr          000000
__Hsmallconst               smallconst   000000
__Hspace_0                  (abs)        30000A
__Hspace_1                  (abs)        000029
__Hspace_2                  (abs)        000000
__Hstack                    stack        000000
__Hstruct                   struct       000000
__Htemp                     temp         000000
__Htext                     text         000000
__Htext0                    text0        000000
__Htext1                    text1        000000
__Htext2                    text2        000000
__Htext3                    text3        000000
__Htext4                    text4        000000
__Htext5                    text5        000000
__Htext6                    text6        000000
__Htext7                    text7        000000
__LRAM                      (abs)        000001
__Labs1                     abs1         000000
__Lbank0                    bank0        000000
__Lbank1                    bank1        000000
__Lbank2                    bank2        000000
__Lbank3                    bank3        000000
__Lbank4                    bank4        000000
__Lbank5                    bank5        000000
__Lbank6                    bank6        000000
__Lbank7                    bank7        000000
__Lbigbss                   bigbss       000000
__Lbigdata                  bigdata      000000
__Lbigram                   bigram       000000
__Lbss                      bss          000000
__LbssCOMRAM                bssCOMRAM    000000
__Lcinit                    cinit        000000
__Lclrtext                  clrtext      000000
__Lcomram                   comram       000000
__Lconfig                   config       300000
__Lconst                    const        000000
__LcstackCOMRAM             cstackCOMRAM 000000
__Ldata                     data         000000
__Leeprom_data              eeprom_data  000000
__Lfarbss                   farbss       000000
__Lfardata                  fardata      000000
__Libigdata                 ibigdata     000000
__Lidata                    idata        000000
__Lidloc                    idloc        200000
__Lifardata                 ifardata     000000
__Linit                     init         0000A8
__Lintsave_regs             intsave_regs 000000
__Lirdata                   irdata       000000
__Livt0x8                   ivt0x8       000008
__Lmediumconst              mediumconst  000000
__LnvFARRAM                 nvFARRAM     000000
__Lnvbit                    nvbit        000000
__Lnvrram                   nvrram       000000
__Lparam                    rparam       000000
__Lpowerup                  powerup      000000
__Lram                      ram          000000
__Lramtop                   ramtop       000800
__Lrbit                     rbit         000000
__Lrbss                     rbss         000000
__Lrdata                    rdata        000000
__Lreset_vec                reset_vec    000000
__Lrparam                   rparam       000000
__Lsfr                      sfr          000000
__Lsmallconst               smallconst   000000
__Lspace_0                  (abs)        000000
__Lspace_1                  (abs)        000000
__Lspace_2                  (abs)        000000
__Lstack                    stack        000000
__Lstruct                   struct       000000
__Ltemp                     temp         000000
__Ltext                     text         000000
__Ltext0                    text0        000000
__Ltext1                    text1        000000
__Ltext2                    text2        000000
__Ltext3                    text3        000000
__Ltext4                    text4        000000
__Ltext5                    text5        000000
__Ltext6                    text6        000000
__Ltext7                    text7        000000
__S0                        (abs)        30000A
__S1                        (abs)        000029
__S2                        (abs)        000000
___inthi_sp                 stack        000000
___intlo_sp                 stack        000000
___param_bank               (abs)        000000
___rparam_used              (abs)        000001
___sp                       stack        000000
__accesstop                 (abs)        000060
__activetblptr              (abs)        000002
__end_of_Lcd_Init           text2        00031E
__end_of_Lcd_Port           text3        0002E4
__end_of__initialization    cinit        0002FC
__end_of_adcInt             text5        00032E
__end_of_canRecInt          text6        0002B8
__end_of_encInt             text4        00032C
__end_of_initCAN            text1        000266
__end_of_main               text0        0001FC
__end_of_sendCANmessage     text7        000182
__initialization            cinit        0002E4
__mediumconst               mediumconst  000000
__pbssCOMRAM                bssCOMRAM    00001E
__pcinit                    cinit        0002E4
__pcstackCOMRAM             cstackCOMRAM 000001
__pivt0x8                   ivt0x8       000008
__ptext0                    text0        000182
__ptext1                    text1        0001FC
__ptext2                    text2        000306
__ptext3                    text3        0002B8
__ptext4                    text4        000320
__ptext5                    text5        00032C
__ptext6                    text6        000268
__ptext7                    text7        0000AC
__ramtop                    ramtop       000800
__size_of_Lcd_Init          (abs)        000000
__size_of_Lcd_Port          (abs)        000000
__size_of_adcInt            (abs)        000000
__size_of_canRecInt         (abs)        000000
__size_of_encInt            (abs)        000000
__size_of_initCAN           (abs)        000000
__size_of_main              (abs)        000000
__size_of_sendCANmessage    (abs)        000000
__smallconst                smallconst   000000
_adcInt                     text5        00032C
_canRecInt                  text6        000268
_encInt                     text4        000320
_initCAN                    text1        0001FC
_main                       text0        000182
_sendCANmessage             text7        0000AC
_status                     bssCOMRAM    000028
_tick_count                 bssCOMRAM    00001E
canRecInt@message           cstackCOMRAM 00000B
end_of_initialization       cinit        0002FC
intlevel0                   text         000000
intlevel1                   text         000000
intlevel2                   text         000000
intlevel3                   text         000000
ivt0x8_base                 ivt0x8       000008
ivt0x8_undefint             ivt0x8       0000A6
sendCANmessage@id           cstackCOMRAM 000001
sendCANmessage@length       cstackCOMRAM 000005
sendCANmessage@message      cstackCOMRAM 000003
stackhi                     (abs)        0007FF
stacklo                     (abs)        000060
start                       init         0000A8
start_initialization        cinit        0002E4


FUNCTION INFORMATION:

 *************** function _main *****************
 Defined at:
		line 84 in file "MainCode.c"
 Parameters:    Size  Location     Type
		None
 Auto vars:     Size  Location     Type
		None
 Return value:  Size  Location     Type
                  1    wreg      void 
 Registers used:
		wreg, status,2, status,0, cstack
 Tracked objects:
		On entry : 
		On exit  : 
		Unchanged: 
 Data sizes:     COMRAM   BANK0   BANK1   BANK2   BANK3   BANK4   BANK5   BANK6   BANK7
      Params:         0       0       0       0       0       0       0       0       0
      Locals:         0       0       0       0       0       0       0       0       0
      Temps:          2       0       0       0       0       0       0       0       0
      Totals:         2       0       0       0       0       0       0       0       0
Total ram usage:        2 bytes
 Hardware stack levels required when called:    4
 This function calls:
		_Lcd_Init
		_initCAN
 This function is called by:
		Startup code after reset
 This function uses a non-reentrant model


 *************** function _initCAN *****************
 Defined at:
		line 403 in file "MainCode.c"
 Parameters:    Size  Location     Type
		None
 Auto vars:     Size  Location     Type
		None
 Return value:  Size  Location     Type
                  1    wreg      void 
 Registers used:
		wreg, status,2, status,0
 Tracked objects:
		On entry : 
		On exit  : 
		Unchanged: 
 Data sizes:     COMRAM   BANK0   BANK1   BANK2   BANK3   BANK4   BANK5   BANK6   BANK7
      Params:         0       0       0       0       0       0       0       0       0
      Locals:         0       0       0       0       0       0       0       0       0
      Temps:          0       0       0       0       0       0       0       0       0
      Totals:         0       0       0       0       0       0       0       0       0
Total ram usage:        0 bytes
 Hardware stack levels used:    1
 Hardware stack levels required when called:    2
 This function calls:
		Nothing
 This function is called by:
		_main
 This function uses a non-reentrant model


 *************** function _Lcd_Init *****************
 Defined at:
		line 297 in file "MainCode.c"
 Parameters:    Size  Location     Type
		None
 Auto vars:     Size  Location     Type
		None
 Return value:  Size  Location     Type
                  1    wreg      void 
 Registers used:
		wreg, status,2, cstack
 Tracked objects:
		On entry : 
		On exit  : 
		Unchanged: 
 Data sizes:     COMRAM   BANK0   BANK1   BANK2   BANK3   BANK4   BANK5   BANK6   BANK7
      Params:         0       0       0       0       0       0       0       0       0
      Locals:         0       0       0       0       0       0       0       0       0
      Temps:          0       0       0       0       0       0       0       0       0
      Totals:         0       0       0       0       0       0       0       0       0
Total ram usage:        0 bytes
 Hardware stack levels used:    1
 Hardware stack levels required when called:    3
 This function calls:
		_Lcd_Port
 This function is called by:
		_main
 This function uses a non-reentrant model


 *************** function _Lcd_Port *****************
 Defined at:
		line 223 in file "MainCode.c"
 Parameters:    Size  Location     Type
  a               1    wreg     unsigned char 
 Auto vars:     Size  Location     Type
  a               1   26[COMRAM] unsigned char 
 Return value:  Size  Location     Type
                  1    wreg      void 
 Registers used:
		wreg
 Tracked objects:
		On entry : 
		On exit  : 
		Unchanged: 
 Data sizes:     COMRAM   BANK0   BANK1   BANK2   BANK3   BANK4   BANK5   BANK6   BANK7
      Params:         0       0       0       0       0       0       0       0       0
      Locals:         1       0       0       0       0       0       0       0       0
      Temps:          0       0       0       0       0       0       0       0       0
      Totals:         1       0       0       0       0       0       0       0       0
Total ram usage:        1 bytes
 Hardware stack levels used:    1
 Hardware stack levels required when called:    2
 This function calls:
		Nothing
 This function is called by:
		_Lcd_Init
		_Lcd_Cmd
		_Lcd_Write_Char
 This function uses a non-reentrant model


 *************** function _encInt *****************
 Defined at:
		line 162 in file "MainCode.c"
 Parameters:    Size  Location     Type
		None
 Auto vars:     Size  Location     Type
		None
 Return value:  Size  Location     Type
                  1    wreg      void 
 Registers used:
		status,2, status,0
 Tracked objects:
		On entry : 
		On exit  : 
		Unchanged: 
 Data sizes:     COMRAM   BANK0   BANK1   BANK2   BANK3   BANK4   BANK5   BANK6   BANK7
      Params:         0       0       0       0       0       0       0       0       0
      Locals:         0       0       0       0       0       0       0       0       0
      Temps:          0       0       0       0       0       0       0       0       0
      Totals:         0       0       0       0       0       0       0       0       0
Total ram usage:        0 bytes
 Hardware stack levels used:    1
 This function calls:
		Nothing
 This function is called by:
		Interrupt level 2
 This function uses a non-reentrant model


 *************** function _adcInt *****************
 Defined at:
		line 168 in file "MainCode.c"
 Parameters:    Size  Location     Type
		None
 Auto vars:     Size  Location     Type
		None
 Return value:  Size  Location     Type
                  1    wreg      void 
 Registers used:
		None
 Tracked objects:
		On entry : 
		On exit  : 
		Unchanged: 
 Data sizes:     COMRAM   BANK0   BANK1   BANK2   BANK3   BANK4   BANK5   BANK6   BANK7
      Params:         0       0       0       0       0       0       0       0       0
      Locals:         0       0       0       0       0       0       0       0       0
      Temps:          0       0       0       0       0       0       0       0       0
      Totals:         0       0       0       0       0       0       0       0       0
Total ram usage:        0 bytes
 Hardware stack levels used:    1
 This function calls:
		Nothing
 This function is called by:
		Interrupt level 2
 This function uses a non-reentrant model


 *************** function _canRecInt *****************
 Defined at:
		line 174 in file "MainCode.c"
 Parameters:    Size  Location     Type
		None
 Auto vars:     Size  Location     Type
  message        16   10[COMRAM] int [8]
 Return value:  Size  Location     Type
                  1    wreg      void 
 Registers used:
		wreg, fsr2l, fsr2h, status,2, status,0, cstack
 Tracked objects:
		On entry : 
		On exit  : 
		Unchanged: 
 Data sizes:     COMRAM   BANK0   BANK1   BANK2   BANK3   BANK4   BANK5   BANK6   BANK7
      Params:         0       0       0       0       0       0       0       0       0
      Locals:        16       0       0       0       0       0       0       0       0
      Temps:          2       0       0       0       0       0       0       0       0
      Totals:        18       0       0       0       0       0       0       0       0
Total ram usage:       18 bytes
 Hardware stack levels used:    1
 Hardware stack levels required when called:    1
 This function calls:
		_sendCANmessage
 This function is called by:
		Interrupt level 2
 This function uses a non-reentrant model


 *************** function _sendCANmessage *****************
 Defined at:
		line 448 in file "MainCode.c"
 Parameters:    Size  Location     Type
  id              2    0[COMRAM] int 
  message         2    2[COMRAM] PTR int 
		 -> canRecInt@message(16), 
  length          2    4[COMRAM] int 
 Auto vars:     Size  Location     Type
		None
 Return value:  Size  Location     Type
                  1    wreg      void 
 Registers used:
		wreg, fsr2l, fsr2h, status,2, status,0
 Tracked objects:
		On entry : 
		On exit  : 
		Unchanged: 
 Data sizes:     COMRAM   BANK0   BANK1   BANK2   BANK3   BANK4   BANK5   BANK6   BANK7
      Params:         6       0       0       0       0       0       0       0       0
      Locals:         0       0       0       0       0       0       0       0       0
      Temps:          2       0       0       0       0       0       0       0       0
      Totals:         8       0       0       0       0       0       0       0       0
Total ram usage:        8 bytes
 Hardware stack levels used:    1
 This function calls:
		Nothing
 This function is called by:
		_canRecInt
 This function uses a non-reentrant model



MODULE INFORMATION

Module		Function		Class		Link	Load	Size
MainCode.c
		_Lcd_Init      		CODE           	0306	0000	25
		_main          		CODE           	0182	0000	123
		_initCAN       		CODE           	01FC	0000	107
		_adcInt        		CODE           	032C	0000	3
		_sendCANmessage		CODE           	00AC	0000	215
		_canRecInt     		CODE           	0268	0000	81
		_Lcd_Port      		CODE           	02B8	0000	45
		_encInt        		CODE           	0320	0000	13

MainCode.c estimated size: 612

shared
		__initialization		CODE           	02E4	0000	25

shared estimated size: 25

